../Core/Src/main.c:64:6:HAL_UARTEx_RxEventCallback	16	static
../Core/Src/main.c:78:6:begin	4	static
../Core/Src/main.c:91:5:main	8	static
../Core/Src/main.c:142:6:SystemClock_Config	88	static
../Core/Src/main.c:184:13:MX_USART1_UART_Init	8	static
../Core/Src/main.c:217:13:MX_USART3_UART_Init	8	static
../Core/Src/main.c:250:13:MX_USART6_UART_Init	8	static
../Core/Src/main.c:281:13:MX_DMA_Init	16	static
../Core/Src/main.c:306:13:MX_GPIO_Init	24	static
../Core/Src/main.c:328:6:Error_Handler	4	static,ignoring_inline_asm
