../Core/Src/main.c:81:6:HAL_UARTEx_RxEventCallback	16	static
../Core/Src/main.c:97:6:ducati_Init	4	static
../Core/Src/main.c:102:6:CONTACTOR_READ	8	static
../Core/Src/main.c:110:6:SIM_Init	112	static
../Core/Src/main.c:192:5:main	120	static
../Core/Src/main.c:273:6:SystemClock_Config	88	static
../Core/Src/main.c:318:13:MX_RTC_Init	72	static
../Core/Src/main.c:395:13:MX_SPI1_Init	8	static
../Core/Src/main.c:431:13:MX_SPI2_Init	8	static
../Core/Src/main.c:467:13:MX_USART1_UART_Init	8	static
../Core/Src/main.c:498:13:MX_USART2_UART_Init	8	static
../Core/Src/main.c:529:13:MX_USART3_UART_Init	8	static
../Core/Src/main.c:558:13:MX_DMA_Init	16	static
../Core/Src/main.c:578:13:MX_GPIO_Init	48	static
../Core/Src/main.c:653:6:Error_Handler	4	static,ignoring_inline_asm
