../Core/Src/main.c:94:6:HAL_UARTEx_RxEventCallback	16	static
../Core/Src/main.c:100:6:HAL_GPIO_EXTI_Callback	16	static
../Core/Src/main.c:111:6:SIM_Init	8	static
../Core/Src/main.c:184:6:LORA_begin	8	static
../Core/Src/main.c:210:6:processingValue	232	static
../Core/Src/main.c:253:6:loraHandle	16	static
../Core/Src/main.c:281:5:main	8	static
../Core/Src/main.c:335:6:SystemClock_Config	88	static
../Core/Src/main.c:377:13:MX_SPI2_Init	8	static
../Core/Src/main.c:415:13:MX_USART2_UART_Init	8	static
../Core/Src/main.c:448:13:MX_USART6_UART_Init	8	static
../Core/Src/main.c:479:13:MX_DMA_Init	16	static
../Core/Src/main.c:497:13:MX_GPIO_Init	48	static
../Core/Src/main.c:551:6:Error_Handler	4	static,ignoring_inline_asm
