../SD/fatfs_sd.c:22:13:SELECT	8	static
../SD/fatfs_sd.c:29:13:DESELECT	8	static
../SD/fatfs_sd.c:36:13:SPI_TxByte	16	static
../SD/fatfs_sd.c:43:13:SPI_TxBuffer	16	static
../SD/fatfs_sd.c:50:16:SPI_RxByte	24	static
../SD/fatfs_sd.c:62:13:SPI_RxBytePtr	16	static
../SD/fatfs_sd.c:72:16:SD_ReadyWait	16	static
../SD/fatfs_sd.c:90:13:SD_PowerOn	24	static
../SD/fatfs_sd.c:128:13:SD_PowerOff	4	static
../SD/fatfs_sd.c:134:16:SD_CheckPower	4	static
../SD/fatfs_sd.c:140:13:SD_RxDataBlock	24	static
../SD/fatfs_sd.c:174:13:SD_TxDataBlock	24	static
../SD/fatfs_sd.c:219:13:SD_SendCmd	24	static
../SD/fatfs_sd.c:265:9:SD_disk_initialize	32	static
../SD/fatfs_sd.c:376:9:SD_disk_status	16	static
../SD/fatfs_sd.c:384:9:SD_disk_read	24	static
../SD/fatfs_sd.c:433:9:SD_disk_write	24	static
../SD/fatfs_sd.c:495:9:SD_disk_ioctl	56	static
