../TuBu/SIM7x00/sim7x00.c:34:6:SIM_Init	16	static
../TuBu/SIM7x00/sim7x00.c:67:6:SIM_RxEvent	8	static
../TuBu/SIM7x00/sim7x00.c:79:6:SIM_Start	16	static
../TuBu/SIM7x00/sim7x00.c:94:6:SIM_Config	8	static
../TuBu/SIM7x00/sim7x00.c:116:6:SMS_Config	8	static
../TuBu/SIM7x00/sim7x00.c:135:6:SMS_syncLocalTime	8	static
../TuBu/SIM7x00/sim7x00.c:142:6:SIM_GetLocalTime	24	static
../TuBu/SIM7x00/sim7x00.c:151:6:SIM_GetPhoneNumber	24	static
../TuBu/SIM7x00/sim7x00.c:165:19:SIM_TestAT	8	static
../TuBu/SIM7x00/sim7x00.c:169:19:SIM_Reset	8	static
../TuBu/SIM7x00/sim7x00.c:173:19:SIM_SendSMS	608	static
../TuBu/SIM7x00/sim7x00.c:192:19:SIM_ReadSMS	8	static
../TuBu/SIM7x00/sim7x00.c:198:17:SIM_GetSMS	600	static
../TuBu/SIM7x00/sim7x00.c:218:6:SMS_process	16	static
../TuBu/SIM7x00/sim7x00.c:291:6:SIM_SetID	592	static
../TuBu/SIM7x00/sim7x00.c:306:19:SIM_HTTP_POST	800	static
../TuBu/SIM7x00/sim7x00.c:338:6:SIM_GetNewFWFileInfo	1424	static
../TuBu/SIM7x00/sim7x00.c:430:19:sendATcommand	592	static
../TuBu/SIM7x00/sim7x00.c:466:19:SIM_waitRespond	24	static
../TuBu/SIM7x00/sim7x00.c:495:18:SIM_GetHTTP_Info	24	static
