../Core/Src/main.c:76:6:LORA_begin	8	static
../Core/Src/main.c:113:9:CTL_CRC8XOR	24	static
../Core/Src/main.c:121:6:loraHandle	16	static
../Core/Src/main.c:169:5:main	8	static
../Core/Src/main.c:216:6:SystemClock_Config	72	static
../Core/Src/main.c:253:13:MX_SPI3_Init	8	static
../Core/Src/main.c:291:13:MX_DMA_Init	16	static
../Core/Src/main.c:309:13:MX_GPIO_Init	40	static
../Core/Src/main.c:351:6:HAL_GPIO_EXTI_Callback	16	static
../Core/Src/main.c:364:6:Error_Handler	4	static,ignoring_inline_asm
