../midlib/sim.c:21:19:SIM_getData	24	static
../midlib/sim.c:65:19:SIM_sendATCommand	40	static
../midlib/sim.c:81:19:SIM_init	16	static
../midlib/sim.c:96:6:SIM_wakeup	16	static
../midlib/sim.c:111:6:SIM_sleep	16	static
../midlib/sim.c:128:19:SIM_setFunction	16	static
../midlib/sim.c:143:6:SIM_process	16	static
../midlib/sim.c:159:6:SIM_checkEvent	16	static
../midlib/sim.c:177:19:SIM_readSMS	24	static
../midlib/sim.c:200:19:SIM_sendSMS	40	static
../midlib/sim.c:220:8:SIM_getSMSCounter	16	static
../midlib/sim.c:239:19:SIM_callUSSD	32	static
../midlib/sim.c:255:8:SIM_getRSSI	16	static
../midlib/sim.c:273:9:SIM_getNwtype	24	static
../midlib/sim.c:291:19:SIM_getSimPhone	24	static
../midlib/sim.c:309:19:SIM_getIMEI	24	static
../midlib/sim.c:327:19:SIM_getLocalTime	24	static
../midlib/sim.c:344:10:SIM_getFileSize	16	static
../midlib/sim.c:361:19:SIM_deleteFile	16	static
../midlib/sim.c:380:19:SIM_setLocalTimeAuto	16	static
../midlib/sim.c:398:19:SIM_setLocalTimeManual	24	static
../midlib/sim.c:417:19:SIM_selectPhonebookMem	16	static
../midlib/sim.c:436:19:SIM_savePhonebook	32	static
../midlib/sim.c:459:19:SIM_readPhonebook	32	static
../midlib/sim.c:479:19:SIM_findPhonebook	16	static
../midlib/sim.c:499:19:SIM_sendHTTP	32	static
../midlib/sim.c:537:19:SIM_getFileHTTP	24	static
