../Core/Src/main.c:89:6:HAL_UARTEx_RxEventCallback	16	static
../Core/Src/main.c:153:6:CONTACTOR_READ	8	static
../Core/Src/main.c:253:5:main	384	static
../Core/Src/main.c:353:6:SystemClock_Config	88	static
../Core/Src/main.c:400:13:MX_RTC_Init	72	static
../Core/Src/main.c:483:13:MX_SDIO_SD_Init	4	static
../Core/Src/main.c:511:13:MX_USART1_UART_Init	8	static
../Core/Src/main.c:544:13:MX_USART2_UART_Init	8	static
../Core/Src/main.c:577:13:MX_USART3_UART_Init	8	static
../Core/Src/main.c:610:13:MX_USART6_UART_Init	8	static
../Core/Src/main.c:641:13:MX_DMA_Init	16	static
../Core/Src/main.c:666:13:MX_GPIO_Init	56	static
../Core/Src/main.c:747:6:SplitTime	24	static
../Core/Src/main.c:761:6:HAL_UART_RxCpltCallback	16	static
../Core/Src/main.c:766:6:SendDataToServer	176	static
../Core/Src/main.c:875:6:Set_Alarm	16	static
../Core/Src/main.c:929:6:Set_Time	24	static
../Core/Src/main.c:950:6:HAL_RTC_AlarmAEventCallback	16	static
../Core/Src/main.c:964:1:__io_putchar	16	static
../Core/Src/main.c:975:6:Error_Handler	4	static
