../Core/Src/main.c:89:6:HAL_UARTEx_RxEventCallback	16	static
../Core/Src/main.c:153:6:CONTACTOR_READ	8	static
../Core/Src/main.c:243:5:main	384	static
../Core/Src/main.c:342:6:SystemClock_Config	88	static
../Core/Src/main.c:388:13:MX_RTC_Init	72	static
../Core/Src/main.c:469:13:MX_SDIO_SD_Init	4	static
../Core/Src/main.c:496:13:MX_USART1_UART_Init	8	static
../Core/Src/main.c:528:13:MX_USART2_UART_Init	8	static
../Core/Src/main.c:560:13:MX_USART3_UART_Init	8	static
../Core/Src/main.c:592:13:MX_USART6_UART_Init	8	static
../Core/Src/main.c:622:13:MX_DMA_Init	16	static
../Core/Src/main.c:646:13:MX_GPIO_Init	56	static
../Core/Src/main.c:725:6:SplitTime	24	static
../Core/Src/main.c:739:6:HAL_UART_RxCpltCallback	16	static
../Core/Src/main.c:746:6:SendDataToServer	176	static
../Core/Src/main.c:855:6:Set_Alarm	16	static
../Core/Src/main.c:908:6:Set_Time	24	static
../Core/Src/main.c:929:6:HAL_RTC_AlarmAEventCallback	16	static
../Core/Src/main.c:943:1:__io_putchar	16	static
../Core/Src/main.c:954:6:Error_Handler	4	static
