Archive member included to satisfy reference by file (symbol)

C:/ST/STM32CubeIDE_1.13.1/STM32CubeIDE/plugins/com.st.stm32cube.ide.mcu.externaltools.gnu-tools-for-stm32.11.3.rel1.win32_1.1.1.202309131626/tools/bin/../lib/gcc/arm-none-eabi/11.3.1/../../../../arm-none-eabi/lib/thumb/v7e-m+fp/hard\libc_nano.a(libc_a-atoi.o)
                              ./APPLICATION/sim7600/sim7600.o (atoi)
C:/ST/STM32CubeIDE_1.13.1/STM32CubeIDE/plugins/com.st.stm32cube.ide.mcu.externaltools.gnu-tools-for-stm32.11.3.rel1.win32_1.1.1.202309131626/tools/bin/../lib/gcc/arm-none-eabi/11.3.1/../../../../arm-none-eabi/lib/thumb/v7e-m+fp/hard\libc_nano.a(libc_a-atol.o)
                              ./APPLICATION/sim7600/sim7600.o (atol)
C:/ST/STM32CubeIDE_1.13.1/STM32CubeIDE/plugins/com.st.stm32cube.ide.mcu.externaltools.gnu-tools-for-stm32.11.3.rel1.win32_1.1.1.202309131626/tools/bin/../lib/gcc/arm-none-eabi/11.3.1/../../../../arm-none-eabi/lib/thumb/v7e-m+fp/hard\libc_nano.a(libc_a-exit.o)
                              C:/ST/STM32CubeIDE_1.13.1/STM32CubeIDE/plugins/com.st.stm32cube.ide.mcu.externaltools.gnu-tools-for-stm32.11.3.rel1.win32_1.1.1.202309131626/tools/bin/../lib/gcc/arm-none-eabi/11.3.1/../../../../arm-none-eabi/lib/thumb/v7e-m+fp/hard/crt0.o (exit)
C:/ST/STM32CubeIDE_1.13.1/STM32CubeIDE/plugins/com.st.stm32cube.ide.mcu.externaltools.gnu-tools-for-stm32.11.3.rel1.win32_1.1.1.202309131626/tools/bin/../lib/gcc/arm-none-eabi/11.3.1/../../../../arm-none-eabi/lib/thumb/v7e-m+fp/hard\libc_nano.a(libc_a-strtol.o)
                              C:/ST/STM32CubeIDE_1.13.1/STM32CubeIDE/plugins/com.st.stm32cube.ide.mcu.externaltools.gnu-tools-for-stm32.11.3.rel1.win32_1.1.1.202309131626/tools/bin/../lib/gcc/arm-none-eabi/11.3.1/../../../../arm-none-eabi/lib/thumb/v7e-m+fp/hard\libc_nano.a(libc_a-atoi.o) (_strtol_r)
C:/ST/STM32CubeIDE_1.13.1/STM32CubeIDE/plugins/com.st.stm32cube.ide.mcu.externaltools.gnu-tools-for-stm32.11.3.rel1.win32_1.1.1.202309131626/tools/bin/../lib/gcc/arm-none-eabi/11.3.1/../../../../arm-none-eabi/lib/thumb/v7e-m+fp/hard\libc_nano.a(libc_a-ctype_.o)
                              C:/ST/STM32CubeIDE_1.13.1/STM32CubeIDE/plugins/com.st.stm32cube.ide.mcu.externaltools.gnu-tools-for-stm32.11.3.rel1.win32_1.1.1.202309131626/tools/bin/../lib/gcc/arm-none-eabi/11.3.1/../../../../arm-none-eabi/lib/thumb/v7e-m+fp/hard\libc_nano.a(libc_a-strtol.o) (_ctype_)
C:/ST/STM32CubeIDE_1.13.1/STM32CubeIDE/plugins/com.st.stm32cube.ide.mcu.externaltools.gnu-tools-for-stm32.11.3.rel1.win32_1.1.1.202309131626/tools/bin/../lib/gcc/arm-none-eabi/11.3.1/../../../../arm-none-eabi/lib/thumb/v7e-m+fp/hard\libc_nano.a(libc_a-nano-vfprintf_float.o)
                              (_printf_float)
C:/ST/STM32CubeIDE_1.13.1/STM32CubeIDE/plugins/com.st.stm32cube.ide.mcu.externaltools.gnu-tools-for-stm32.11.3.rel1.win32_1.1.1.202309131626/tools/bin/../lib/gcc/arm-none-eabi/11.3.1/../../../../arm-none-eabi/lib/thumb/v7e-m+fp/hard\libc_nano.a(libc_a-nano-vfprintf_i.o)
                              C:/ST/STM32CubeIDE_1.13.1/STM32CubeIDE/plugins/com.st.stm32cube.ide.mcu.externaltools.gnu-tools-for-stm32.11.3.rel1.win32_1.1.1.202309131626/tools/bin/../lib/gcc/arm-none-eabi/11.3.1/../../../../arm-none-eabi/lib/thumb/v7e-m+fp/hard\libc_nano.a(libc_a-nano-vfprintf_float.o) (_printf_common)
C:/ST/STM32CubeIDE_1.13.1/STM32CubeIDE/plugins/com.st.stm32cube.ide.mcu.externaltools.gnu-tools-for-stm32.11.3.rel1.win32_1.1.1.202309131626/tools/bin/../lib/gcc/arm-none-eabi/11.3.1/../../../../arm-none-eabi/lib/thumb/v7e-m+fp/hard\libc_nano.a(libc_a-findfp.o)
                              C:/ST/STM32CubeIDE_1.13.1/STM32CubeIDE/plugins/com.st.stm32cube.ide.mcu.externaltools.gnu-tools-for-stm32.11.3.rel1.win32_1.1.1.202309131626/tools/bin/../lib/gcc/arm-none-eabi/11.3.1/../../../../arm-none-eabi/lib/thumb/v7e-m+fp/hard\libc_nano.a(libc_a-exit.o) (__stdio_exit_handler)
C:/ST/STM32CubeIDE_1.13.1/STM32CubeIDE/plugins/com.st.stm32cube.ide.mcu.externaltools.gnu-tools-for-stm32.11.3.rel1.win32_1.1.1.202309131626/tools/bin/../lib/gcc/arm-none-eabi/11.3.1/../../../../arm-none-eabi/lib/thumb/v7e-m+fp/hard\libc_nano.a(libc_a-fwalk.o)
                              C:/ST/STM32CubeIDE_1.13.1/STM32CubeIDE/plugins/com.st.stm32cube.ide.mcu.externaltools.gnu-tools-for-stm32.11.3.rel1.win32_1.1.1.202309131626/tools/bin/../lib/gcc/arm-none-eabi/11.3.1/../../../../arm-none-eabi/lib/thumb/v7e-m+fp/hard\libc_nano.a(libc_a-findfp.o) (_fwalk_sglue)
C:/ST/STM32CubeIDE_1.13.1/STM32CubeIDE/plugins/com.st.stm32cube.ide.mcu.externaltools.gnu-tools-for-stm32.11.3.rel1.win32_1.1.1.202309131626/tools/bin/../lib/gcc/arm-none-eabi/11.3.1/../../../../arm-none-eabi/lib/thumb/v7e-m+fp/hard\libc_nano.a(libc_a-printf.o)
                              ./APPLICATION/SD_CARD/sd.o (printf)
[...]
Memory Configuration

Name             Origin             Length             Attributes
CCMRAM           0x0000000010000000 0x0000000000010000 xrw
RAM              0x0000000020000000 0x0000000000020000 xrw
FLASH            0x0000000008000000 0x0000000000100000 xr
*default*        0x0000000000000000 0xffffffffffffffff

Linker script and memory map

LOAD C:/ST/STM32CubeIDE_1.13.1/STM32CubeIDE/plugins/com.st.stm32cube.ide.mcu.externaltools.gnu-tools-for-stm32.11.3.rel1.win32_1.1.1.202309131626/tools/bin/../lib/gcc/arm-none-eabi/11.3.1/thumb/v7e-m+fp/hard/crti.o
LOAD C:/ST/STM32CubeIDE_1.13.1/STM32CubeIDE/plugins/com.st.stm32cube.ide.mcu.externaltools.gnu-tools-for-stm32.11.3.rel1.win32_1.1.1.202309131626/tools/bin/../lib/gcc/arm-none-eabi/11.3.1/thumb/v7e-m+fp/hard/crtbegin.o
LOAD C:/ST/STM32CubeIDE_1.13.1/STM32CubeIDE/plugins/com.st.stm32cube.ide.mcu.externaltools.gnu-tools-for-stm32.11.3.rel1.win32_1.1.1.202309131626/tools/bin/../lib/gcc/arm-none-eabi/11.3.1/../../../../arm-none-eabi/lib/thumb/v7e-m+fp/hard/crt0.o
LOAD ./APPLICATION/DUCATI/ducati.o
LOAD ./APPLICATION/SD_CARD/fatfs_sd.o
LOAD ./APPLICATION/SD_CARD/sd.o
LOAD ./APPLICATION/lora/lora.o
LOAD ./APPLICATION/lora/rfm95/rfm95.o
LOAD ./APPLICATION/sim7600/sim7600.o
LOAD ./Core/Src/main.o
LOAD ./Core/Src/stm32f4xx_hal_msp.o
LOAD ./Core/Src/stm32f4xx_it.o
LOAD ./Core/Src/syscalls.o
LOAD ./Core/Src/sysmem.o
LOAD ./Core/Src/system_stm32f4xx.o
LOAD ./Core/Startup/startup_stm32f407vgtx.o
LOAD ./Drivers/STM32F4xx_HAL_Driver/Src/stm32f4xx_hal.o
LOAD ./Drivers/STM32F4xx_HAL_Driver/Src/stm32f4xx_hal_cortex.o
LOAD ./Drivers/STM32F4xx_HAL_Driver/Src/stm32f4xx_hal_dma.o
LOAD ./Drivers/STM32F4xx_HAL_Driver/Src/stm32f4xx_hal_dma_ex.o
LOAD ./Drivers/STM32F4xx_HAL_Driver/Src/stm32f4xx_hal_exti.o
LOAD ./Drivers/STM32F4xx_HAL_Driver/Src/stm32f4xx_hal_flash.o
LOAD ./Drivers/STM32F4xx_HAL_Driver/Src/stm32f4xx_hal_flash_ex.o
LOAD ./Drivers/STM32F4xx_HAL_Driver/Src/stm32f4xx_hal_flash_ramfunc.o
LOAD ./Drivers/STM32F4xx_HAL_Driver/Src/stm32f4xx_hal_gpio.o
LOAD ./Drivers/STM32F4xx_HAL_Driver/Src/stm32f4xx_hal_pwr.o
LOAD ./Drivers/STM32F4xx_HAL_Driver/Src/stm32f4xx_hal_pwr_ex.o
LOAD ./Drivers/STM32F4xx_HAL_Driver/Src/stm32f4xx_hal_rcc.o
LOAD ./Drivers/STM32F4xx_HAL_Driver/Src/stm32f4xx_hal_rcc_ex.o
LOAD ./Drivers/STM32F4xx_HAL_Driver/Src/stm32f4xx_hal_rtc.o
LOAD ./Drivers/STM32F4xx_HAL_Driver/Src/stm32f4xx_hal_rtc_ex.o
LOAD ./Drivers/STM32F4xx_HAL_Driver/Src/stm32f4xx_hal_spi.o
LOAD ./Drivers/STM32F4xx_HAL_Driver/Src/stm32f4xx_hal_tim.o
LOAD ./Drivers/STM32F4xx_HAL_Driver/Src/stm32f4xx_hal_tim_ex.o
LOAD ./Drivers/STM32F4xx_HAL_Driver/Src/stm32f4xx_hal_uart.o
LOAD ./FATFS/App/fatfs.o
LOAD ./FATFS/Target/user_diskio.o
LOAD ./Middlewares/Third_Party/FatFs/src/diskio.o
LOAD ./Middlewares/Third_Party/FatFs/src/ff.o
LOAD ./Middlewares/Third_Party/FatFs/src/ff_gen_drv.o
LOAD ./Middlewares/Third_Party/FatFs/src/option/ccsbcs.o
LOAD ./Middlewares/Third_Party/FatFs/src/option/syscall.o
LOAD ./midlib/configID.o
LOAD ./midlib/http.o
LOAD ./midlib/sim.o
LOAD ./midlib/wlv_def.o
START GROUP
LOAD C:/ST/STM32CubeIDE_1.13.1/STM32CubeIDE/plugins/com.st.stm32cube.ide.mcu.externaltools.gnu-tools-for-stm32.11.3.rel1.win32_1.1.1.202309131626/tools/bin/../lib/gcc/arm-none-eabi/11.3.1/../../../../arm-none-eabi/lib/thumb/v7e-m+fp/hard\libc_nano.a
LOAD C:/ST/STM32CubeIDE_1.13.1/STM32CubeIDE/plugins/com.st.stm32cube.ide.mcu.externaltools.gnu-tools-for-stm32.11.3.rel1.win32_1.1.1.202309131626/tools/bin/../lib/gcc/arm-none-eabi/11.3.1/../../../../arm-none-eabi/lib/thumb/v7e-m+fp/hard\libm.a
END GROUP
START GROUP
LOAD C:/ST/STM32CubeIDE_1.13.1/STM32CubeIDE/plugins/com.st.stm32cube.ide.mcu.externaltools.gnu-tools-for-stm32.11.3.rel1.win32_1.1.1.202309131626/tools/bin/../lib/gcc/arm-none-eabi/11.3.1/thumb/v7e-m+fp/hard\libgcc.a
LOAD C:/ST/STM32CubeIDE_1.13.1/STM32CubeIDE/plugins/com.st.stm32cube.ide.mcu.externaltools.gnu-tools-for-stm32.11.3.rel1.win32_1.1.1.202309131626/tools/bin/../lib/gcc/arm-none-eabi/11.3.1/../../../../arm-none-eabi/lib/thumb/v7e-m+fp/hard\libc_nano.a
END GROUP
START GROUP
LOAD C:/ST/STM32CubeIDE_1.13.1/STM32CubeIDE/plugins/com.st.stm32cube.ide.mcu.externaltools.gnu-tools-for-stm32.11.3.rel1.win32_1.1.1.202309131626/tools/bin/../lib/gcc/arm-none-eabi/11.3.1/thumb/v7e-m+fp/hard\libgcc.a
LOAD C:/ST/STM32CubeIDE_1.13.1/STM32CubeIDE/plugins/com.st.stm32cube.ide.mcu.externaltools.gnu-tools-for-stm32.11.3.rel1.win32_1.1.1.202309131626/tools/bin/../lib/gcc/arm-none-eabi/11.3.1/../../../../arm-none-eabi/lib/thumb/v7e-m+fp/hard\libc_nano.a
LOAD C:/ST/STM32CubeIDE_1.13.1/STM32CubeIDE/plugins/com.st.stm32cube.ide.mcu.externaltools.gnu-tools-for-stm32.11.3.rel1.win32_1.1.1.202309131626/tools/bin/../lib/gcc/arm-none-eabi/11.3.1/../../../../arm-none-eabi/lib/thumb/v7e-m+fp/hard\libnosys.a
END GROUP
START GROUP
LOAD C:/ST/STM32CubeIDE_1.13.1/STM32CubeIDE/plugins/com.st.stm32cube.ide.mcu.externaltools.gnu-tools-for-stm32.11.3.rel1.win32_1.1.1.202309131626/tools/bin/../lib/gcc/arm-none-eabi/11.3.1/thumb/v7e-m+fp/hard\libgcc.a
LOAD C:/ST/STM32CubeIDE_1.13.1/STM32CubeIDE/plugins/com.st.stm32cube.ide.mcu.externaltools.gnu-tools-for-stm32.11.3.rel1.win32_1.1.1.202309131626/tools/bin/../lib/gcc/arm-none-eabi/11.3.1/../../../../arm-none-eabi/lib/thumb/v7e-m+fp/hard\libc_nano.a
LOAD C:/ST/STM32CubeIDE_1.13.1/STM32CubeIDE/plugins/com.st.stm32cube.ide.mcu.externaltools.gnu-tools-for-stm32.11.3.rel1.win32_1.1.1.202309131626/tools/bin/../lib/gcc/arm-none-eabi/11.3.1/../../../../arm-none-eabi/lib/thumb/v7e-m+fp/hard\libnosys.a
END GROUP
LOAD C:/ST/STM32CubeIDE_1.13.1/STM32CubeIDE/plugins/com.st.stm32cube.ide.mcu.externaltools.gnu-tools-for-stm32.11.3.rel1.win32_1.1.1.202309131626/tools/bin/../lib/gcc/arm-none-eabi/11.3.1/thumb/v7e-m+fp/hard/crtend.o
LOAD C:/ST/STM32CubeIDE_1.13.1/STM32CubeIDE/plugins/com.st.stm32cube.ide.mcu.externaltools.gnu-tools-for-stm32.11.3.rel1.win32_1.1.1.202309131626/tools/bin/../lib/gcc/arm-none-eabi/11.3.1/thumb/v7e-m+fp/hard/crtn.o
                0x0000000020020000                _estack = (ORIGIN (RAM) + LENGTH (RAM))
                0x0000000000000200                _Min_Heap_Size = 0x200
                0x0000000000000400                _Min_Stack_Size = 0x400

.isr_vector     0x0000000008000000      0x188
                0x0000000008000000                . = ALIGN (0x4)
 *(.isr_vector)
 .isr_vector    0x0000000008000000      0x188 ./Core/Startup/startup_stm32f407vgtx.o
                0x0000000008000000                g_pfnVectors
                0x0000000008000188                . = ALIGN (0x4)

.text           0x0000000008000190     0xd430
                0x0000000008000190                . = ALIGN (0x4)
 *(.text)
 .text          0x0000000008000190       0x40 C:/ST/STM32CubeIDE_1.13.1/STM32CubeIDE/plugins/com.st.stm32cube.ide.mcu.externaltools.gnu-tools-for-stm32.11.3.rel1.win32_1.1.1.202309131626/tools/bin/../lib/gcc/arm-none-eabi/11.3.1/thumb/v7e-m+fp/hard/crtbegin.o
 .text          0x00000000080001d0       0xa0 C:/ST/STM32CubeIDE_1.13.1/STM32CubeIDE/plugins/com.st.stm32cube.ide.mcu.externaltools.gnu-tools-for-stm32.11.3.rel1.win32_1.1.1.202309131626/tools/bin/../lib/gcc/arm-none-eabi/11.3.1/../../../../arm-none-eabi/lib/thumb/v7e-m+fp/hard\libc_nano.a(libc_a-memchr.o)
                0x00000000080001d0                memchr
 .text          0x0000000008000270       0x10 C:/ST/STM32CubeIDE_1.13.1/STM32CubeIDE/plugins/com.st.stm32cube.ide.mcu.externaltools.gnu-tools-for-stm32.11.3.rel1.win32_1.1.1.202309131626/tools/bin/../lib/gcc/arm-none-eabi/11.3.1/../../../../arm-none-eabi/lib/thumb/v7e-m+fp/hard\libc_nano.a(libc_a-strlen.o)
                0x0000000008000270                strlen
 .text          0x0000000008000280      0x378 C:/ST/STM32CubeIDE_1.13.1/STM32CubeIDE/plugins/com.st.stm32cube.ide.mcu.externaltools.gnu-tools-for-stm32.11.3.rel1.win32_1.1.1.202309131626/tools/bin/../lib/gcc/arm-none-eabi/11.3.1/thumb/v7e-m+fp/hard\libgcc.a(_arm_addsubdf3.o)
                0x0000000008000280                __aeabi_drsub
                0x0000000008000288                __aeabi_dsub
                0x0000000008000288                __subdf3
                0x000000000800028c                __aeabi_dadd
                0x000000000800028c                __adddf3
                0x0000000008000504                __floatunsidf
                0x0000000008000504                __aeabi_ui2d
                0x0000000008000524                __floatsidf
                0x0000000008000524                __aeabi_i2d
                0x0000000008000548                __aeabi_f2d
                0x0000000008000548                __extendsfdf2
                0x000000000800058c                __floatundidf
                0x000000000800058c                __aeabi_ul2d
                0x000000000800059c                __floatdidf
                0x000000000800059c                __aeabi_l2d
 .text          0x00000000080005f8      0x424 C:/ST/STM32CubeIDE_1.13.1/STM32CubeIDE/plugins/com.st.stm32cube.ide.mcu.externaltools.gnu-tools-for-stm32.11.3.rel1.win32_1.1.1.202309131626/tools/bin/../lib/gcc/arm-none-eabi/11.3.1/thumb/v7e-m+fp/hard\libgcc.a(_arm_muldivdf3.o)
                0x00000000080005f8                __aeabi_dmul
                0x00000000080005f8                __muldf3
                0x000000000800084c                __divdf3
                0x000000000800084c                __aeabi_ddiv
 .text          0x0000000008000a1c      0x110 C:/ST/STM32CubeIDE_1.13.1/STM32CubeIDE/plugins/com.st.stm32cube.ide.mcu.externaltools.gnu-tools-for-stm32.11.3.rel1.win32_1.1.1.202309131626/tools/bin/../lib/gcc/arm-none-eabi/11.3.1/thumb/v7e-m+fp/hard\libgcc.a(_arm_cmpdf2.o)
                0x0000000008000a1c                __gtdf2
                0x0000000008000a1c                __gedf2
                0x0000000008000a24                __ltdf2
                0x0000000008000a24                __ledf2
                0x0000000008000a2c                __nedf2
                0x0000000008000a2c                __eqdf2
                0x0000000008000a2c                __cmpdf2
                0x0000000008000aa8                __aeabi_cdrcmple
                0x0000000008000ab8                __aeabi_cdcmpeq
                0x0000000008000ab8                __aeabi_cdcmple
                0x0000000008000ac8                __aeabi_dcmpeq
                0x0000000008000adc                __aeabi_dcmplt
                0x0000000008000af0                __aeabi_dcmple
                0x0000000008000b04                __aeabi_dcmpge
                0x0000000008000b18                __aeabi_dcmpgt
 .text          0x0000000008000b2c       0x2c C:/ST/STM32CubeIDE_1.13.1/STM32CubeIDE/plugins/com.st.stm32cube.ide.mcu.externaltools.gnu-tools-for-stm32.11.3.rel1.win32_1.1.1.202309131626/tools/bin/../lib/gcc/arm-none-eabi/11.3.1/thumb/v7e-m+fp/hard\libgcc.a(_arm_unorddf2.o)
                0x0000000008000b2c                __unorddf2
                0x0000000008000b2c                __aeabi_dcmpun
 .text          0x0000000008000b58       0x50 C:/ST/STM32CubeIDE_1.13.1/STM32CubeIDE/plugins/com.st.stm32cube.ide.mcu.externaltools.gnu-tools-for-stm32.11.3.rel1.win32_1.1.1.202309131626/tools/bin/../lib/gcc/arm-none-eabi/11.3.1/thumb/v7e-m+fp/hard\libgcc.a(_arm_fixdfsi.o)
                0x0000000008000b58                __aeabi_d2iz
                0x0000000008000b58                __fixdfsi
 .text          0x0000000008000ba8       0xa0 C:/ST/STM32CubeIDE_1.13.1/STM32CubeIDE/plugins/com.st.stm32cube.ide.mcu.externaltools.gnu-tools-for-stm32.11.3.rel1.win32_1.1.1.202309131626/tools/bin/../lib/gcc/arm-none-eabi/11.3.1/thumb/v7e-m+fp/hard\libgcc.a(_arm_truncdfsf2.o)
                0x0000000008000ba8                __truncdfsf2
                0x0000000008000ba8                __aeabi_d2f
 .text          0x0000000008000c48       0x30 C:/ST/STM32CubeIDE_1.13.1/STM32CubeIDE/plugins/com.st.stm32cube.ide.mcu.externaltools.gnu-tools-for-stm32.11.3.rel1.win32_1.1.1.202309131626/tools/bin/../lib/gcc/arm-none-eabi/11.3.1/thumb/v7e-m+fp/hard\libgcc.a(_aeabi_uldivmod.o)
                0x0000000008000c48                __aeabi_uldivmod
 .text          0x0000000008000c78      0x2c8 C:/ST/STM32CubeIDE_1.13.1/STM32CubeIDE/plugins/com.st.stm32cube.ide.mcu.externaltools.gnu-tools-for-stm32.11.3.rel1.win32_1.1.1.202309131626/tools/bin/../lib/gcc/arm-none-eabi/11.3.1/thumb/v7e-m+fp/hard\libgcc.a(_udivmoddi4.o)
                0x0000000008000c78                __udivmoddi4
 .text          0x0000000008000f40        0x4 C:/ST/STM32CubeIDE_1.13.1/STM32CubeIDE/plugins/com.st.stm32cube.ide.mcu.externaltools.gnu-tools-for-stm32.11.3.rel1.win32_1.1.1.202309131626/tools/bin/../lib/gcc/arm-none-eabi/11.3.1/thumb/v7e-m+fp/hard\libgcc.a(_dvmd_tls.o)
                0x0000000008000f40                __aeabi_idiv0
                0x0000000008000f40                __aeabi_ldiv0
 *(.text*)
 .text.Get_size
                0x0000000008000f44       0x2e ./APPLICATION/DUCATI/ducati.o
                0x0000000008000f44                Get_size
 *fill*         0x0000000008000f72        0x2 
 .text.calculateCRC
                0x0000000008000f74       0x78 ./APPLICATION/DUCATI/ducati.o
                0x0000000008000f74                calculateCRC
 .text.ducatiSendCommand
                0x0000000008000fec       0xea ./APPLICATION/DUCATI/ducati.o
                0x0000000008000fec                ducatiSendCommand
 *fill*         0x00000000080010d6        0x2 
 .text.getVol   0x00000000080010d8       0x68 ./APPLICATION/DUCATI/ducati.o
                0x00000000080010d8                getVol
 .text.getCosF  0x0000000008001140       0x68 ./APPLICATION/DUCATI/ducati.o
                0x0000000008001140                getCosF
 .text.getCurrent
                0x00000000080011a8       0x68 ./APPLICATION/DUCATI/ducati.o
                0x00000000080011a8                getCurrent
 .text.getFrequency
                0x0000000008001210       0x68 ./APPLICATION/DUCATI/ducati.o
                0x0000000008001210                getFrequency
 .text.getAvQ   0x0000000008001278       0x68 ./APPLICATION/DUCATI/ducati.o
                0x0000000008001278                getAvQ
 .text.getAvP   0x00000000080012e0       0x68 ./APPLICATION/DUCATI/ducati.o
                0x00000000080012e0                getAvP
 .text.getActivePower
                0x0000000008001348       0x68 ./APPLICATION/DUCATI/ducati.o
                0x0000000008001348                getActivePower
 .text.getReactivePower
                0x00000000080013b0       0x68 ./APPLICATION/DUCATI/ducati.o
                0x00000000080013b0                getReactivePower
 .text.getCoilStatus
                0x0000000008001418       0x68 ./APPLICATION/DUCATI/ducati.o
                0x0000000008001418                getCoilStatus
 .text.LORA_transmit
                0x0000000008001480       0x38 ./APPLICATION/lora/lora.o
                0x0000000008001480                LORA_transmit
 .text.LORA_startReceiveIT
                0x00000000080014b8       0x24 ./APPLICATION/lora/lora.o
                0x00000000080014b8                LORA_startReceiveIT
 .text.LORA_receiveIT
                0x00000000080014dc       0x34 ./APPLICATION/lora/lora.o
                0x00000000080014dc                LORA_receiveIT
 .text.RFM95_setNSSPin
                0x0000000008001510       0x28 ./APPLICATION/lora/rfm95/rfm95.o
 .text.RFM95_clearNSSPin
                0x0000000008001538       0x28 ./APPLICATION/lora/rfm95/rfm95.o
 .text.RFM95_writeRegister
                0x0000000008001560       0x66 ./APPLICATION/lora/rfm95/rfm95.o
 .text.RFM95_writeBurstRegister
                0x00000000080015c6       0xaa ./APPLICATION/lora/rfm95/rfm95.o
 .text.RFM95_readRegister
                0x0000000008001670       0x6c ./APPLICATION/lora/rfm95/rfm95.o
 .text.RFM95_setHeaderMode
                0x00000000080016dc       0x68 ./APPLICATION/lora/rfm95/rfm95.o
                0x00000000080016dc                RFM95_setHeaderMode
 .text.RFM95_setSpreadingFactor
                0x0000000008001744      0x178 ./APPLICATION/lora/rfm95/rfm95.o
                0x0000000008001744                RFM95_setSpreadingFactor
 .text.RFM95_setBandwidth
                0x00000000080018bc       0x6e ./APPLICATION/lora/rfm95/rfm95.o
                0x00000000080018bc                RFM95_setBandwidth
 .text.RFM95_setCRCMode
                0x000000000800192a       0x64 ./APPLICATION/lora/rfm95/rfm95.o
                0x000000000800192a                RFM95_setCRCMode
 *fill*         0x000000000800198e        0x2 
 .text.RFM95_lowDataRateOptimize
                0x0000000008001990      0x120 ./APPLICATION/lora/rfm95/rfm95.o
                0x0000000008001990                RFM95_lowDataRateOptimize
 .text.RFM95_setLNA
                0x0000000008001ab0       0x4e ./APPLICATION/lora/rfm95/rfm95.o
                0x0000000008001ab0                RFM95_setLNA
 .text.RFM95_setMode
                0x0000000008001afe       0x64 ./APPLICATION/lora/rfm95/rfm95.o
                0x0000000008001afe                RFM95_setMode
 .text.RFM95_setFrequency
                0x0000000008001b62       0x76 ./APPLICATION/lora/rfm95/rfm95.o
                0x0000000008001b62                RFM95_setFrequency
 .text.RFM95_transmit
                0x0000000008001bd8      0x158 ./APPLICATION/lora/rfm95/rfm95.o
                0x0000000008001bd8                RFM95_transmit
 .text.RFM95_startReceiveIT
                0x0000000008001d30       0xd0 ./APPLICATION/lora/rfm95/rfm95.o
                0x0000000008001d30                RFM95_startReceiveIT
 .text.RFM95_receiveIT
                0x0000000008001e00       0xfe ./APPLICATION/lora/rfm95/rfm95.o
                0x0000000008001e00                RFM95_receiveIT
 .text.RFM95_receiveContinuous
                0x0000000008001efe      0x1f8 ./APPLICATION/lora/rfm95/rfm95.o
                0x0000000008001efe                RFM95_receiveContinuous
 .text.RFM95_reset
                0x00000000080020f6       0x56 ./APPLICATION/lora/rfm95/rfm95.o
                0x00000000080020f6                RFM95_reset
 .text.RFM95_setRFPowerAmplifier
                0x000000000800214c       0xac ./APPLICATION/lora/rfm95/rfm95.o
                0x000000000800214c                RFM95_setRFPowerAmplifier
 .text.RFM95_getRSSI
                0x00000000080021f8       0x66 ./APPLICATION/lora/rfm95/rfm95.o
                0x00000000080021f8                RFM95_getRSSI
 .text.RFM95_mappingDIO0
                0x000000000800225e       0x38 ./APPLICATION/lora/rfm95/rfm95.o
                0x000000000800225e                RFM95_mappingDIO0
 .text.RFM95_init
                0x0000000008002296       0x70 ./APPLICATION/lora/rfm95/rfm95.o
                0x0000000008002296                RFM95_init
 .text.RFM95_powerOn
                0x0000000008002306       0x2c ./APPLICATION/lora/rfm95/rfm95.o
                0x0000000008002306                RFM95_powerOn
 *fill*         0x0000000008002332        0x2 
 .text.SIM7600_sendATCommand
                0x0000000008002334      0x144 ./APPLICATION/sim7600/sim7600.o
                0x0000000008002334                SIM7600_sendATCommand
 .text.SIM7600_wakeup
                0x0000000008002478       0x32 ./APPLICATION/sim7600/sim7600.o
                0x0000000008002478                SIM7600_wakeup
 .text.SIM7600_PWRKEY_ON
                0x00000000080024aa       0x50 ./APPLICATION/sim7600/sim7600.o
                0x00000000080024aa                SIM7600_PWRKEY_ON
 .text.SIM7600_RESET_ON
                0x00000000080024fa       0x50 ./APPLICATION/sim7600/sim7600.o
                0x00000000080024fa                SIM7600_RESET_ON
 *fill*         0x000000000800254a        0x2 
 .text.SIM7600_sleep
                0x000000000800254c       0x50 ./APPLICATION/sim7600/sim7600.o
                0x000000000800254c                SIM7600_sleep
 .text.SIM7600_init
                0x000000000800259c      0x21c ./APPLICATION/sim7600/sim7600.o
                0x000000000800259c                SIM7600_init
 .text.SIM7600_setFunction
                0x00000000080027b8       0x5c ./APPLICATION/sim7600/sim7600.o
                0x00000000080027b8                SIM7600_setFunction
 .text.SIM7600_process
                0x0000000008002814      0x12c ./APPLICATION/sim7600/sim7600.o
                0x0000000008002814                SIM7600_process
 .text.SIM7600_checkEvent
                0x0000000008002940       0xe8 ./APPLICATION/sim7600/sim7600.o
                0x0000000008002940                SIM7600_checkEvent
 .text.SIM7600_readSMS
                0x0000000008002a28      0x110 ./APPLICATION/sim7600/sim7600.o
                0x0000000008002a28                SIM7600_readSMS
 .text.SIM7600_sendSMS
                0x0000000008002b38      0x278 ./APPLICATION/sim7600/sim7600.o
                0x0000000008002b38                SIM7600_sendSMS
 .text.SIM7600_getSMSCounter
                0x0000000008002db0       0x90 ./APPLICATION/sim7600/sim7600.o
                0x0000000008002db0                SIM7600_getSMSCounter
 .text.SIM7600_callUSSD
                0x0000000008002e40       0xb4 ./APPLICATION/sim7600/sim7600.o
                0x0000000008002e40                SIM7600_callUSSD
 .text.SIM7600_getRSSI
                0x0000000008002ef4       0x74 ./APPLICATION/sim7600/sim7600.o
                0x0000000008002ef4                SIM7600_getRSSI
 .text.SIM7600_getNetworkType
                0x0000000008002f68      0x10c ./APPLICATION/sim7600/sim7600.o
                0x0000000008002f68                SIM7600_getNetworkType
 .text.SIM7600_getTemperature
                0x0000000008003074       0x6c ./APPLICATION/sim7600/sim7600.o
                0x0000000008003074                SIM7600_getTemperature
 .text.SIM7600_getSimPhone
                0x00000000080030e0      0x20c ./APPLICATION/sim7600/sim7600.o
                0x00000000080030e0                SIM7600_getSimPhone
 .text.SIM7600_getIMEI
                0x00000000080032ec       0x9c ./APPLICATION/sim7600/sim7600.o
                0x00000000080032ec                SIM7600_getIMEI
 .text.SIM7600_getLocalTime
                0x0000000008003388       0xc0 ./APPLICATION/sim7600/sim7600.o
                0x0000000008003388                SIM7600_getLocalTime
 .text.SIM7600_getFileSize
                0x0000000008003448       0xc0 ./APPLICATION/sim7600/sim7600.o
                0x0000000008003448                SIM7600_getFileSize
 .text.SIM7600_deleteFile
                0x0000000008003508       0x64 ./APPLICATION/sim7600/sim7600.o
                0x0000000008003508                SIM7600_deleteFile
 .text.SIM7600_setLocalTimeAuto
                0x000000000800356c       0xfc ./APPLICATION/sim7600/sim7600.o
                0x000000000800356c                SIM7600_setLocalTimeAuto
 .text.SIM7600_setLocalTimeManual
                0x0000000008003668       0x70 ./APPLICATION/sim7600/sim7600.o
                0x0000000008003668                SIM7600_setLocalTimeManual
 .text.SIM7600_selectPhonebookMem
                0x00000000080036d8       0x3c ./APPLICATION/sim7600/sim7600.o
                0x00000000080036d8                SIM7600_selectPhonebookMem
 .text.SIM7600_savePhonebook
                0x0000000008003714       0x80 ./APPLICATION/sim7600/sim7600.o
                0x0000000008003714                SIM7600_savePhonebook
 .text.SIM7600_readPhonebook
                0x0000000008003794       0xa0 ./APPLICATION/sim7600/sim7600.o
                0x0000000008003794                SIM7600_readPhonebook
 .text.SIM7600_findPhonebook
                0x0000000008003834       0x64 ./APPLICATION/sim7600/sim7600.o
                0x0000000008003834                SIM7600_findPhonebook
 .text.SIM7600_sendHTTP
                0x0000000008003898      0x474 ./APPLICATION/sim7600/sim7600.o
                0x0000000008003898                SIM7600_sendHTTP
 .text.SIM7600_getFileHTTP
                0x0000000008003d0c      0x1c0 ./APPLICATION/sim7600/sim7600.o
                0x0000000008003d0c                SIM7600_getFileHTTP
 .text.HAL_UARTEx_RxEventCallback
                0x0000000008003ecc       0x80 ./Core/Src/main.o
                0x0000000008003ecc                HAL_UARTEx_RxEventCallback
 .text.ducati_Init
                0x0000000008003f4c       0x28 ./Core/Src/main.o
                0x0000000008003f4c                ducati_Init
 .text.CONTACTOR_READ
                0x0000000008003f74       0x70 ./Core/Src/main.o
                0x0000000008003f74                CONTACTOR_READ
 .text.SIM_Init
                0x0000000008003fe4      0x248 ./Core/Src/main.o
                0x0000000008003fe4                SIM_Init
 .text.LORA_begin
                0x000000000800422c       0x94 ./Core/Src/main.o
                0x000000000800422c                LORA_begin
 .text.loraHandle
                0x00000000080042c0       0xdc ./Core/Src/main.o
                0x00000000080042c0                loraHandle
 .text.main     0x000000000800439c      0x208 ./Core/Src/main.o
                0x000000000800439c                main
 .text.SystemClock_Config
                0x00000000080045a4       0xd8 ./Core/Src/main.o
                0x00000000080045a4                SystemClock_Config
 .text.MX_RTC_Init
                0x000000000800467c      0x118 ./Core/Src/main.o
 .text.MX_SPI1_Init
                0x0000000008004794       0x6c ./Core/Src/main.o
 .text.MX_SPI2_Init
                0x0000000008004800       0x6c ./Core/Src/main.o
 .text.MX_UART4_Init
                0x000000000800486c       0x54 ./Core/Src/main.o
 .text.MX_USART2_UART_Init
                0x00000000080048c0       0x54 ./Core/Src/main.o
 .text.MX_USART3_UART_Init
                0x0000000008004914       0x54 ./Core/Src/main.o
 .text.MX_DMA_Init
                0x0000000008004968       0x50 ./Core/Src/main.o
 .text.MX_GPIO_Init
                0x00000000080049b8      0x164 ./Core/Src/main.o
 .text.Error_Handler
                0x0000000008004b1c        0xa ./Core/Src/main.o
                0x0000000008004b1c                Error_Handler
 *fill*         0x0000000008004b26        0x2 
 .text.HAL_MspInit
                0x0000000008004b28       0x50 ./Core/Src/stm32f4xx_hal_msp.o
                0x0000000008004b28                HAL_MspInit
 .text.HAL_RTC_MspInit
                0x0000000008004b78       0x54 ./Core/Src/stm32f4xx_hal_msp.o
                0x0000000008004b78                HAL_RTC_MspInit
 .text.HAL_SPI_MspInit
                0x0000000008004bcc       0xfc ./Core/Src/stm32f4xx_hal_msp.o
                0x0000000008004bcc                HAL_SPI_MspInit
 .text.HAL_UART_MspInit
                0x0000000008004cc8      0x2a0 ./Core/Src/stm32f4xx_hal_msp.o
                0x0000000008004cc8                HAL_UART_MspInit
 .text.NMI_Handler
                0x0000000008004f68        0x6 ./Core/Src/stm32f4xx_it.o
                0x0000000008004f68                NMI_Handler
 .text.HardFault_Handler
                0x0000000008004f6e        0x6 ./Core/Src/stm32f4xx_it.o
                0x0000000008004f6e                HardFault_Handler
 .text.MemManage_Handler
                0x0000000008004f74        0x6 ./Core/Src/stm32f4xx_it.o
                0x0000000008004f74                MemManage_Handler
 .text.BusFault_Handler
                0x0000000008004f7a        0x6 ./Core/Src/stm32f4xx_it.o
                0x0000000008004f7a                BusFault_Handler
 .text.UsageFault_Handler
                0x0000000008004f80        0x6 ./Core/Src/stm32f4xx_it.o
                0x0000000008004f80                UsageFault_Handler
 .text.SVC_Handler
                0x0000000008004f86        0xe ./Core/Src/stm32f4xx_it.o
                0x0000000008004f86                SVC_Handler
 .text.DebugMon_Handler
                0x0000000008004f94        0xe ./Core/Src/stm32f4xx_it.o
                0x0000000008004f94                DebugMon_Handler
 .text.PendSV_Handler
                0x0000000008004fa2        0xe ./Core/Src/stm32f4xx_it.o
                0x0000000008004fa2                PendSV_Handler
 .text.SysTick_Handler
                0x0000000008004fb0        0xc ./Core/Src/stm32f4xx_it.o
                0x0000000008004fb0                SysTick_Handler
 .text.DMA1_Stream1_IRQHandler
                0x0000000008004fbc       0x14 ./Core/Src/stm32f4xx_it.o
                0x0000000008004fbc                DMA1_Stream1_IRQHandler
 .text.DMA1_Stream5_IRQHandler
                0x0000000008004fd0       0x14 ./Core/Src/stm32f4xx_it.o
                0x0000000008004fd0                DMA1_Stream5_IRQHandler
 .text.USART2_IRQHandler
                0x0000000008004fe4       0x14 ./Core/Src/stm32f4xx_it.o
                0x0000000008004fe4                USART2_IRQHandler
 .text.USART3_IRQHandler
                0x0000000008004ff8       0x14 ./Core/Src/stm32f4xx_it.o
                0x0000000008004ff8                USART3_IRQHandler
 .text.UART4_IRQHandler
                0x000000000800500c       0x14 ./Core/Src/stm32f4xx_it.o
                0x000000000800500c                UART4_IRQHandler
 .text._getpid  0x0000000008005020       0x10 ./Core/Src/syscalls.o
                0x0000000008005020                _getpid
 .text._kill    0x0000000008005030       0x20 ./Core/Src/syscalls.o
                0x0000000008005030                _kill
 .text._exit    0x0000000008005050       0x14 ./Core/Src/syscalls.o
                0x0000000008005050                _exit
 .text._read    0x0000000008005064       0x3a ./Core/Src/syscalls.o
                0x0000000008005064                _read
 .text._write   0x000000000800509e       0x38 ./Core/Src/syscalls.o
                0x000000000800509e                _write
 .text._close   0x00000000080050d6       0x18 ./Core/Src/syscalls.o
                0x00000000080050d6                _close
 .text._fstat   0x00000000080050ee       0x20 ./Core/Src/syscalls.o
                0x00000000080050ee                _fstat
 .text._isatty  0x000000000800510e       0x16 ./Core/Src/syscalls.o
                0x000000000800510e                _isatty
 .text._lseek   0x0000000008005124       0x1a ./Core/Src/syscalls.o
                0x0000000008005124                _lseek
 *fill*         0x000000000800513e        0x2 
 .text._sbrk    0x0000000008005140       0x6c ./Core/Src/sysmem.o
                0x0000000008005140                _sbrk
 .text.SystemInit
                0x00000000080051ac       0x24 ./Core/Src/system_stm32f4xx.o
                0x00000000080051ac                SystemInit
 .text.Reset_Handler
                0x00000000080051d0       0x50 ./Core/Startup/startup_stm32f407vgtx.o
                0x00000000080051d0                Reset_Handler
 .text.Default_Handler
                0x0000000008005220        0x2 ./Core/Startup/startup_stm32f407vgtx.o
                0x0000000008005220                RTC_Alarm_IRQHandler
                0x0000000008005220                HASH_RNG_IRQHandler
                0x0000000008005220                EXTI2_IRQHandler
                0x0000000008005220                TIM8_CC_IRQHandler
                0x0000000008005220                TIM1_CC_IRQHandler
                0x0000000008005220                DMA2_Stream5_IRQHandler
                0x0000000008005220                PVD_IRQHandler
                0x0000000008005220                SDIO_IRQHandler
                0x0000000008005220                TAMP_STAMP_IRQHandler
                0x0000000008005220                CAN2_RX1_IRQHandler
                0x0000000008005220                EXTI3_IRQHandler
                0x0000000008005220                TIM8_TRG_COM_TIM14_IRQHandler
                0x0000000008005220                TIM1_UP_TIM10_IRQHandler
                0x0000000008005220                TIM8_UP_TIM13_IRQHandler
                0x0000000008005220                I2C3_ER_IRQHandler
                0x0000000008005220                EXTI0_IRQHandler
                0x0000000008005220                I2C2_EV_IRQHandler
                0x0000000008005220                DMA1_Stream2_IRQHandler
                0x0000000008005220                CAN1_RX0_IRQHandler
                0x0000000008005220                FPU_IRQHandler
                0x0000000008005220                OTG_HS_WKUP_IRQHandler
                0x0000000008005220                CAN2_SCE_IRQHandler
                0x0000000008005220                DMA2_Stream2_IRQHandler
                0x0000000008005220                SPI1_IRQHandler
                0x0000000008005220                TIM6_DAC_IRQHandler
                0x0000000008005220                TIM1_BRK_TIM9_IRQHandler
                0x0000000008005220                DCMI_IRQHandler
                0x0000000008005220                CAN2_RX0_IRQHandler
                0x0000000008005220                DMA2_Stream3_IRQHandler
                0x0000000008005220                USART6_IRQHandler
                0x0000000008005220                CAN1_RX1_IRQHandler
                0x0000000008005220                UART5_IRQHandler
                0x0000000008005220                DMA2_Stream0_IRQHandler
                0x0000000008005220                TIM4_IRQHandler
                0x0000000008005220                I2C1_EV_IRQHandler
                0x0000000008005220                DMA1_Stream6_IRQHandler
                0x0000000008005220                TIM3_IRQHandler
                0x0000000008005220                RCC_IRQHandler
                0x0000000008005220                TIM8_BRK_TIM12_IRQHandler
                0x0000000008005220                Default_Handler
                0x0000000008005220                EXTI15_10_IRQHandler
                0x0000000008005220                ADC_IRQHandler
                0x0000000008005220                DMA1_Stream7_IRQHandler
                0x0000000008005220                TIM7_IRQHandler
                0x0000000008005220                CAN2_TX_IRQHandler
                0x0000000008005220                TIM5_IRQHandler
                0x0000000008005220                DMA2_Stream7_IRQHandler
                0x0000000008005220                I2C3_EV_IRQHandler
                0x0000000008005220                EXTI9_5_IRQHandler
                0x0000000008005220                RTC_WKUP_IRQHandler
                0x0000000008005220                ETH_WKUP_IRQHandler
                0x0000000008005220                SPI2_IRQHandler
                0x0000000008005220                OTG_HS_EP1_IN_IRQHandler
                0x0000000008005220                DMA1_Stream0_IRQHandler
                0x0000000008005220                CAN1_TX_IRQHandler
                0x0000000008005220                EXTI4_IRQHandler
                0x0000000008005220                FSMC_IRQHandler
                0x0000000008005220                ETH_IRQHandler
                0x0000000008005220                OTG_HS_EP1_OUT_IRQHandler
                0x0000000008005220                WWDG_IRQHandler
                0x0000000008005220                TIM2_IRQHandler
                0x0000000008005220                OTG_FS_WKUP_IRQHandler
                0x0000000008005220                TIM1_TRG_COM_TIM11_IRQHandler
                0x0000000008005220                OTG_HS_IRQHandler
                0x0000000008005220                EXTI1_IRQHandler
                0x0000000008005220                I2C2_ER_IRQHandler
                0x0000000008005220                DMA2_Stream1_IRQHandler
                0x0000000008005220                CAN1_SCE_IRQHandler
                0x0000000008005220                FLASH_IRQHandler
                0x0000000008005220                DMA2_Stream4_IRQHandler
                0x0000000008005220                USART1_IRQHandler
                0x0000000008005220                OTG_FS_IRQHandler
                0x0000000008005220                SPI3_IRQHandler
                0x0000000008005220                DMA1_Stream4_IRQHandler
                0x0000000008005220                I2C1_ER_IRQHandler
                0x0000000008005220                DMA2_Stream6_IRQHandler
                0x0000000008005220                DMA1_Stream3_IRQHandler
 *fill*         0x0000000008005222        0x2 
 .text.HAL_Init
                0x0000000008005224       0x44 ./Drivers/STM32F4xx_HAL_Driver/Src/stm32f4xx_hal.o
                0x0000000008005224                HAL_Init
 .text.HAL_InitTick
                0x0000000008005268       0x60 ./Drivers/STM32F4xx_HAL_Driver/Src/stm32f4xx_hal.o
                0x0000000008005268                HAL_InitTick
 .text.HAL_IncTick
                0x00000000080052c8       0x28 ./Drivers/STM32F4xx_HAL_Driver/Src/stm32f4xx_hal.o
                0x00000000080052c8                HAL_IncTick
 .text.HAL_GetTick
                0x00000000080052f0       0x18 ./Drivers/STM32F4xx_HAL_Driver/Src/stm32f4xx_hal.o
                0x00000000080052f0                HAL_GetTick
 .text.HAL_Delay
                0x0000000008005308       0x48 ./Drivers/STM32F4xx_HAL_Driver/Src/stm32f4xx_hal.o
                0x0000000008005308                HAL_Delay
 .text.__NVIC_SetPriorityGrouping
                0x0000000008005350       0x48 ./Drivers/STM32F4xx_HAL_Driver/Src/stm32f4xx_hal_cortex.o
 .text.__NVIC_GetPriorityGrouping
                0x0000000008005398       0x1c ./Drivers/STM32F4xx_HAL_Driver/Src/stm32f4xx_hal_cortex.o
 .text.__NVIC_EnableIRQ
                0x00000000080053b4       0x3c ./Drivers/STM32F4xx_HAL_Driver/Src/stm32f4xx_hal_cortex.o
 .text.__NVIC_SetPriority
                0x00000000080053f0       0x54 ./Drivers/STM32F4xx_HAL_Driver/Src/stm32f4xx_hal_cortex.o
 .text.NVIC_EncodePriority
                0x0000000008005444       0x66 ./Drivers/STM32F4xx_HAL_Driver/Src/stm32f4xx_hal_cortex.o
 *fill*         0x00000000080054aa        0x2 
 .text.SysTick_Config
                0x00000000080054ac       0x44 ./Drivers/STM32F4xx_HAL_Driver/Src/stm32f4xx_hal_cortex.o
 .text.HAL_NVIC_SetPriorityGrouping
                0x00000000080054f0       0x16 ./Drivers/STM32F4xx_HAL_Driver/Src/stm32f4xx_hal_cortex.o
                0x00000000080054f0                HAL_NVIC_SetPriorityGrouping
 .text.HAL_NVIC_SetPriority
                0x0000000008005506       0x38 ./Drivers/STM32F4xx_HAL_Driver/Src/stm32f4xx_hal_cortex.o
                0x0000000008005506                HAL_NVIC_SetPriority
 .text.HAL_NVIC_EnableIRQ
                0x000000000800553e       0x1c ./Drivers/STM32F4xx_HAL_Driver/Src/stm32f4xx_hal_cortex.o
                0x000000000800553e                HAL_NVIC_EnableIRQ
 .text.HAL_SYSTICK_Config
                0x000000000800555a       0x18 ./Drivers/STM32F4xx_HAL_Driver/Src/stm32f4xx_hal_cortex.o
                0x000000000800555a                HAL_SYSTICK_Config
 *fill*         0x0000000008005572        0x2 
 .text.HAL_DMA_Init
                0x0000000008005574      0x15c ./Drivers/STM32F4xx_HAL_Driver/Src/stm32f4xx_hal_dma.o
                0x0000000008005574                HAL_DMA_Init
 .text.HAL_DMA_Start_IT
                0x00000000080056d0       0xb0 ./Drivers/STM32F4xx_HAL_Driver/Src/stm32f4xx_hal_dma.o
                0x00000000080056d0                HAL_DMA_Start_IT
 .text.HAL_DMA_Abort
                0x0000000008005780       0xe0 ./Drivers/STM32F4xx_HAL_Driver/Src/stm32f4xx_hal_dma.o
                0x0000000008005780                HAL_DMA_Abort
 .text.HAL_DMA_Abort_IT
                0x0000000008005860       0x44 ./Drivers/STM32F4xx_HAL_Driver/Src/stm32f4xx_hal_dma.o
                0x0000000008005860                HAL_DMA_Abort_IT
 .text.HAL_DMA_IRQHandler
                0x00000000080058a4      0x314 ./Drivers/STM32F4xx_HAL_Driver/Src/stm32f4xx_hal_dma.o
                0x00000000080058a4                HAL_DMA_IRQHandler
 .text.DMA_SetConfig
                0x0000000008005bb8       0x5c ./Drivers/STM32F4xx_HAL_Driver/Src/stm32f4xx_hal_dma.o
 .text.DMA_CalcBaseAndBitshift
                0x0000000008005c14       0x6c ./Drivers/STM32F4xx_HAL_Driver/Src/stm32f4xx_hal_dma.o
 .text.DMA_CheckFifoParam
                0x0000000008005c80       0xf8 ./Drivers/STM32F4xx_HAL_Driver/Src/stm32f4xx_hal_dma.o
 .text.HAL_GPIO_Init
                0x0000000008005d78      0x338 ./Drivers/STM32F4xx_HAL_Driver/Src/stm32f4xx_hal_gpio.o
                0x0000000008005d78                HAL_GPIO_Init
 .text.HAL_GPIO_ReadPin
                0x00000000080060b0       0x30 ./Drivers/STM32F4xx_HAL_Driver/Src/stm32f4xx_hal_gpio.o
                0x00000000080060b0                HAL_GPIO_ReadPin
 .text.HAL_GPIO_WritePin
                0x00000000080060e0       0x32 ./Drivers/STM32F4xx_HAL_Driver/Src/stm32f4xx_hal_gpio.o
                0x00000000080060e0                HAL_GPIO_WritePin
 *fill*         0x0000000008006112        0x2 
 .text.HAL_RCC_OscConfig
                0x0000000008006114      0x4f0 ./Drivers/STM32F4xx_HAL_Driver/Src/stm32f4xx_hal_rcc.o
                0x0000000008006114                HAL_RCC_OscConfig
 .text.HAL_RCC_ClockConfig
                0x0000000008006604      0x1cc ./Drivers/STM32F4xx_HAL_Driver/Src/stm32f4xx_hal_rcc.o
                0x0000000008006604                HAL_RCC_ClockConfig
 .text.HAL_RCC_GetSysClockFreq
                0x00000000080067d0      0x18c ./Drivers/STM32F4xx_HAL_Driver/Src/stm32f4xx_hal_rcc.o
                0x00000000080067d0                HAL_RCC_GetSysClockFreq
 .text.HAL_RCC_GetHCLKFreq
                0x000000000800695c       0x18 ./Drivers/STM32F4xx_HAL_Driver/Src/stm32f4xx_hal_rcc.o
                0x000000000800695c                HAL_RCC_GetHCLKFreq
 .text.HAL_RCC_GetPCLK1Freq
                0x0000000008006974       0x28 ./Drivers/STM32F4xx_HAL_Driver/Src/stm32f4xx_hal_rcc.o
                0x0000000008006974                HAL_RCC_GetPCLK1Freq
 .text.HAL_RCC_GetPCLK2Freq
                0x000000000800699c       0x28 ./Drivers/STM32F4xx_HAL_Driver/Src/stm32f4xx_hal_rcc.o
                0x000000000800699c                HAL_RCC_GetPCLK2Freq
 .text.HAL_RCCEx_PeriphCLKConfig
                0x00000000080069c4      0x1c4 ./Drivers/STM32F4xx_HAL_Driver/Src/stm32f4xx_hal_rcc_ex.o
                0x00000000080069c4                HAL_RCCEx_PeriphCLKConfig
 .text.HAL_RTC_Init
                0x0000000008006b88       0xec ./Drivers/STM32F4xx_HAL_Driver/Src/stm32f4xx_hal_rtc.o
                0x0000000008006b88                HAL_RTC_Init
 .text.HAL_RTC_SetTime
                0x0000000008006c74      0x134 ./Drivers/STM32F4xx_HAL_Driver/Src/stm32f4xx_hal_rtc.o
                0x0000000008006c74                HAL_RTC_SetTime
 .text.HAL_RTC_SetDate
                0x0000000008006da8      0x108 ./Drivers/STM32F4xx_HAL_Driver/Src/stm32f4xx_hal_rtc.o
                0x0000000008006da8                HAL_RTC_SetDate
 .text.HAL_RTC_SetAlarm
                0x0000000008006eb0      0x254 ./Drivers/STM32F4xx_HAL_Driver/Src/stm32f4xx_hal_rtc.o
                0x0000000008006eb0                HAL_RTC_SetAlarm
 .text.HAL_RTC_WaitForSynchro
                0x0000000008007104       0x50 ./Drivers/STM32F4xx_HAL_Driver/Src/stm32f4xx_hal_rtc.o
                0x0000000008007104                HAL_RTC_WaitForSynchro
 .text.RTC_EnterInitMode
                0x0000000008007154       0x6e ./Drivers/STM32F4xx_HAL_Driver/Src/stm32f4xx_hal_rtc.o
                0x0000000008007154                RTC_EnterInitMode
 .text.RTC_ExitInitMode
                0x00000000080071c2       0x4a ./Drivers/STM32F4xx_HAL_Driver/Src/stm32f4xx_hal_rtc.o
                0x00000000080071c2                RTC_ExitInitMode
 .text.RTC_ByteToBcd2
                0x000000000800720c       0x3a ./Drivers/STM32F4xx_HAL_Driver/Src/stm32f4xx_hal_rtc.o
                0x000000000800720c                RTC_ByteToBcd2
 .text.HAL_SPI_Init
                0x0000000008007246      0x112 ./Drivers/STM32F4xx_HAL_Driver/Src/stm32f4xx_hal_spi.o
                0x0000000008007246                HAL_SPI_Init
 .text.HAL_SPI_Transmit
                0x0000000008007358      0x278 ./Drivers/STM32F4xx_HAL_Driver/Src/stm32f4xx_hal_spi.o
                0x0000000008007358                HAL_SPI_Transmit
 .text.HAL_SPI_Receive
                0x00000000080075d0      0x222 ./Drivers/STM32F4xx_HAL_Driver/Src/stm32f4xx_hal_spi.o
                0x00000000080075d0                HAL_SPI_Receive
 .text.HAL_SPI_TransmitReceive
                0x00000000080077f2      0x344 ./Drivers/STM32F4xx_HAL_Driver/Src/stm32f4xx_hal_spi.o
                0x00000000080077f2                HAL_SPI_TransmitReceive
 *fill*         0x0000000008007b36        0x2 
 .text.SPI_WaitFlagStateUntilTimeout
                0x0000000008007b38      0x110 ./Drivers/STM32F4xx_HAL_Driver/Src/stm32f4xx_hal_spi.o
 .text.SPI_EndRxTransaction
                0x0000000008007c48       0xca ./Drivers/STM32F4xx_HAL_Driver/Src/stm32f4xx_hal_spi.o
 *fill*         0x0000000008007d12        0x2 
 .text.SPI_EndRxTxTransaction
                0x0000000008007d14       0x84 ./Drivers/STM32F4xx_HAL_Driver/Src/stm32f4xx_hal_spi.o
 .text.HAL_UART_Init
                0x0000000008007d98       0x9a ./Drivers/STM32F4xx_HAL_Driver/Src/stm32f4xx_hal_uart.o
                0x0000000008007d98                HAL_UART_Init
 .text.HAL_UART_Transmit
                0x0000000008007e32      0x124 ./Drivers/STM32F4xx_HAL_Driver/Src/stm32f4xx_hal_uart.o
                0x0000000008007e32                HAL_UART_Transmit
 .text.HAL_UARTEx_ReceiveToIdle_DMA
                0x0000000008007f56       0xca ./Drivers/STM32F4xx_HAL_Driver/Src/stm32f4xx_hal_uart.o
                0x0000000008007f56                HAL_UARTEx_ReceiveToIdle_DMA
 .text.HAL_UART_IRQHandler
                0x0000000008008020      0x51c ./Drivers/STM32F4xx_HAL_Driver/Src/stm32f4xx_hal_uart.o
                0x0000000008008020                HAL_UART_IRQHandler
 .text.HAL_UART_TxCpltCallback
                0x000000000800853c       0x14 ./Drivers/STM32F4xx_HAL_Driver/Src/stm32f4xx_hal_uart.o
                0x000000000800853c                HAL_UART_TxCpltCallback
 .text.HAL_UART_RxCpltCallback
                0x0000000008008550       0x14 ./Drivers/STM32F4xx_HAL_Driver/Src/stm32f4xx_hal_uart.o
                0x0000000008008550                HAL_UART_RxCpltCallback
 .text.HAL_UART_RxHalfCpltCallback
                0x0000000008008564       0x14 ./Drivers/STM32F4xx_HAL_Driver/Src/stm32f4xx_hal_uart.o
                0x0000000008008564                HAL_UART_RxHalfCpltCallback
 .text.HAL_UART_ErrorCallback
                0x0000000008008578       0x14 ./Drivers/STM32F4xx_HAL_Driver/Src/stm32f4xx_hal_uart.o
                0x0000000008008578                HAL_UART_ErrorCallback
 .text.UART_DMAReceiveCplt
                0x000000000800858c      0x126 ./Drivers/STM32F4xx_HAL_Driver/Src/stm32f4xx_hal_uart.o
 .text.UART_DMARxHalfCplt
                0x00000000080086b2       0x36 ./Drivers/STM32F4xx_HAL_Driver/Src/stm32f4xx_hal_uart.o
 .text.UART_DMAError
                0x00000000080086e8       0x94 ./Drivers/STM32F4xx_HAL_Driver/Src/stm32f4xx_hal_uart.o
 .text.UART_WaitOnFlagUntilTimeout
                0x000000000800877c       0xdc ./Drivers/STM32F4xx_HAL_Driver/Src/stm32f4xx_hal_uart.o
 .text.UART_Start_Receive_DMA
                0x0000000008008858      0x13c ./Drivers/STM32F4xx_HAL_Driver/Src/stm32f4xx_hal_uart.o
                0x0000000008008858                UART_Start_Receive_DMA
 .text.UART_EndTxTransfer
                0x0000000008008994       0x50 ./Drivers/STM32F4xx_HAL_Driver/Src/stm32f4xx_hal_uart.o
 .text.UART_EndRxTransfer
                0x00000000080089e4       0xc6 ./Drivers/STM32F4xx_HAL_Driver/Src/stm32f4xx_hal_uart.o
 .text.UART_DMAAbortOnError
                0x0000000008008aaa       0x28 ./Drivers/STM32F4xx_HAL_Driver/Src/stm32f4xx_hal_uart.o
 .text.UART_Transmit_IT
                0x0000000008008ad2       0xa0 ./Drivers/STM32F4xx_HAL_Driver/Src/stm32f4xx_hal_uart.o
 .text.UART_EndTransmit_IT
                0x0000000008008b72       0x30 ./Drivers/STM32F4xx_HAL_Driver/Src/stm32f4xx_hal_uart.o
 .text.UART_Receive_IT
                0x0000000008008ba2      0x176 ./Drivers/STM32F4xx_HAL_Driver/Src/stm32f4xx_hal_uart.o
 .text.UART_SetConfig
                0x0000000008008d18      0x4e8 ./Drivers/STM32F4xx_HAL_Driver/Src/stm32f4xx_hal_uart.o
 .text.MX_FATFS_Init
                0x0000000008009200       0x24 ./FATFS/App/fatfs.o
                0x0000000008009200                MX_FATFS_Init
 .text.USER_initialize
                0x0000000008009224       0x28 ./FATFS/Target/user_diskio.o
                0x0000000008009224                USER_initialize
 .text.USER_status
                0x000000000800924c       0x28 ./FATFS/Target/user_diskio.o
                0x000000000800924c                USER_status
 .text.USER_read
                0x0000000008009274       0x1e ./FATFS/Target/user_diskio.o
                0x0000000008009274                USER_read
 .text.USER_write
                0x0000000008009292       0x1e ./FATFS/Target/user_diskio.o
                0x0000000008009292                USER_write
 .text.USER_ioctl
                0x00000000080092b0       0x22 ./FATFS/Target/user_diskio.o
                0x00000000080092b0                USER_ioctl
 *fill*         0x00000000080092d2        0x2 
 .text.FATFS_LinkDriverEx
                0x00000000080092d4       0x98 ./Middlewares/Third_Party/FatFs/src/ff_gen_drv.o
                0x00000000080092d4                FATFS_LinkDriverEx
 .text.FATFS_LinkDriver
                0x000000000800936c       0x1e ./Middlewares/Third_Party/FatFs/src/ff_gen_drv.o
                0x000000000800936c                FATFS_LinkDriver
 *fill*         0x000000000800938a        0x2 
 .text.HTTP_init
                0x000000000800938c       0x78 ./midlib/http.o
                0x000000000800938c                HTTP_init
 .text.SIM_getData
                0x0000000008009404       0xc8 ./midlib/sim.o
                0x0000000008009404                SIM_getData
 .text.SIM_init
                0x00000000080094cc       0x26 ./midlib/sim.o
                0x00000000080094cc                SIM_init
 .text.SIM_setFunction
                0x00000000080094f2       0x2e ./midlib/sim.o
                0x00000000080094f2                SIM_setFunction
 .text.SIM_checkEvent
                0x0000000008009520       0x2a ./midlib/sim.o
                0x0000000008009520                SIM_checkEvent
 .text.SIM_getLocalTime
                0x000000000800954a       0x36 ./midlib/sim.o
                0x000000000800954a                SIM_getLocalTime
 .text.SIM_setLocalTimeAuto
                0x0000000008009580       0x26 ./midlib/sim.o
                0x0000000008009580                SIM_setLocalTimeAuto
 *fill*         0x00000000080095a6        0x2 
 .text.SIM_sendHTTP
                0x00000000080095a8       0x80 ./midlib/sim.o
                0x00000000080095a8                SIM_sendHTTP
 .text.THT_copyStringUntilToken
                0x0000000008009628       0xd4 ./midlib/wlv_def.o
                0x0000000008009628                THT_copyStringUntilToken
 .text.atoi     0x00000000080096fc        0x8 C:/ST/STM32CubeIDE_1.13.1/STM32CubeIDE/plugins/com.st.stm32cube.ide.mcu.externaltools.gnu-tools-for-stm32.11.3.rel1.win32_1.1.1.202309131626/tools/bin/../lib/gcc/arm-none-eabi/11.3.1/../../../../arm-none-eabi/lib/thumb/v7e-m+fp/hard\libc_nano.a(libc_a-atoi.o)
                0x00000000080096fc                atoi
 .text.atol     0x0000000008009704        0x8 C:/ST/STM32CubeIDE_1.13.1/STM32CubeIDE/plugins/com.st.stm32cube.ide.mcu.externaltools.gnu-tools-for-stm32.11.3.rel1.win32_1.1.1.202309131626/tools/bin/../lib/gcc/arm-none-eabi/11.3.1/../../../../arm-none-eabi/lib/thumb/v7e-m+fp/hard\libc_nano.a(libc_a-atol.o)
                0x0000000008009704                atol
 .text._strtol_l.constprop.0
                0x000000000800970c      0x104 C:/ST/STM32CubeIDE_1.13.1/STM32CubeIDE/plugins/com.st.stm32cube.ide.mcu.externaltools.gnu-tools-for-stm32.11.3.rel1.win32_1.1.1.202309131626/tools/bin/../lib/gcc/arm-none-eabi/11.3.1/../../../../arm-none-eabi/lib/thumb/v7e-m+fp/hard\libc_nano.a(libc_a-strtol.o)
 .text.strtol   0x0000000008009810       0x14 C:/ST/STM32CubeIDE_1.13.1/STM32CubeIDE/plugins/com.st.stm32cube.ide.mcu.externaltools.gnu-tools-for-stm32.11.3.rel1.win32_1.1.1.202309131626/tools/bin/../lib/gcc/arm-none-eabi/11.3.1/../../../../arm-none-eabi/lib/thumb/v7e-m+fp/hard\libc_nano.a(libc_a-strtol.o)
                0x0000000008009810                strtol
 .text.__cvt    0x0000000008009824       0xc4 C:/ST/STM32CubeIDE_1.13.1/STM32CubeIDE/plugins/com.st.stm32cube.ide.mcu.externaltools.gnu-tools-for-stm32.11.3.rel1.win32_1.1.1.202309131626/tools/bin/../lib/gcc/arm-none-eabi/11.3.1/../../../../arm-none-eabi/lib/thumb/v7e-m+fp/hard\libc_nano.a(libc_a-nano-vfprintf_float.o)
                0x0000000008009824                __cvt
 .text.__exponent
                0x00000000080098e8       0x7c C:/ST/STM32CubeIDE_1.13.1/STM32CubeIDE/plugins/com.st.stm32cube.ide.mcu.externaltools.gnu-tools-for-stm32.11.3.rel1.win32_1.1.1.202309131626/tools/bin/../lib/gcc/arm-none-eabi/11.3.1/../../../../arm-none-eabi/lib/thumb/v7e-m+fp/hard\libc_nano.a(libc_a-nano-vfprintf_float.o)
                0x00000000080098e8                __exponent
 .text._printf_float
                0x0000000008009964      0x46c C:/ST/STM32CubeIDE_1.13.1/STM32CubeIDE/plugins/com.st.stm32cube.ide.mcu.externaltools.gnu-tools-for-stm32.11.3.rel1.win32_1.1.1.202309131626/tools/bin/../lib/gcc/arm-none-eabi/11.3.1/../../../../arm-none-eabi/lib/thumb/v7e-m+fp/hard\libc_nano.a(libc_a-nano-vfprintf_float.o)
                0x0000000008009964                _printf_float
 .text._printf_common
                0x0000000008009dd0       0xda C:/ST/STM32CubeIDE_1.13.1/STM32CubeIDE/plugins/com.st.stm32cube.ide.mcu.externaltools.gnu-tools-for-stm32.11.3.rel1.win32_1.1.1.202309131626/tools/bin/../lib/gcc/arm-none-eabi/11.3.1/../../../../arm-none-eabi/lib/thumb/v7e-m+fp/hard\libc_nano.a(libc_a-nano-vfprintf_i.o)
                0x0000000008009dd0                _printf_common
 *fill*         0x0000000008009eaa        0x2 
 .text._printf_i
                0x0000000008009eac      0x244 C:/ST/STM32CubeIDE_1.13.1/STM32CubeIDE/plugins/com.st.stm32cube.ide.mcu.externaltools.gnu-tools-for-stm32.11.3.rel1.win32_1.1.1.202309131626/tools/bin/../lib/gcc/arm-none-eabi/11.3.1/../../../../arm-none-eabi/lib/thumb/v7e-m+fp/hard\libc_nano.a(libc_a-nano-vfprintf_i.o)
                0x0000000008009eac                _printf_i
 .text.std      0x000000000800a0f0       0x6c C:/ST/STM32CubeIDE_1.13.1/STM32CubeIDE/plugins/com.st.stm32cube.ide.mcu.externaltools.gnu-tools-for-stm32.11.3.rel1.win32_1.1.1.202309131626/tools/bin/../lib/gcc/arm-none-eabi/11.3.1/../../../../arm-none-eabi/lib/thumb/v7e-m+fp/hard\libc_nano.a(libc_a-findfp.o)
 .text.stdio_exit_handler
                0x000000000800a15c       0x18 C:/ST/STM32CubeIDE_1.13.1/STM32CubeIDE/plugins/com.st.stm32cube.ide.mcu.externaltools.gnu-tools-for-stm32.11.3.rel1.win32_1.1.1.202309131626/tools/bin/../lib/gcc/arm-none-eabi/11.3.1/../../../../arm-none-eabi/lib/thumb/v7e-m+fp/hard\libc_nano.a(libc_a-findfp.o)
 .text.cleanup_stdio
                0x000000000800a174       0x40 C:/ST/STM32CubeIDE_1.13.1/STM32CubeIDE/plugins/com.st.stm32cube.ide.mcu.externaltools.gnu-tools-for-stm32.11.3.rel1.win32_1.1.1.202309131626/tools/bin/../lib/gcc/arm-none-eabi/11.3.1/../../../../arm-none-eabi/lib/thumb/v7e-m+fp/hard\libc_nano.a(libc_a-findfp.o)
 .text.global_stdio_init.part.0
                0x000000000800a1b4       0x3c C:/ST/STM32CubeIDE_1.13.1/STM32CubeIDE/plugins/com.st.stm32cube.ide.mcu.externaltools.gnu-tools-for-stm32.11.3.rel1.win32_1.1.1.202309131626/tools/bin/../lib/gcc/arm-none-eabi/11.3.1/../../../../arm-none-eabi/lib/thumb/v7e-m+fp/hard\libc_nano.a(libc_a-findfp.o)
 .text.__sfp_lock_acquire
                0x000000000800a1f0        0xc C:/ST/STM32CubeIDE_1.13.1/STM32CubeIDE/plugins/com.st.stm32cube.ide.mcu.externaltools.gnu-tools-for-stm32.11.3.rel1.win32_1.1.1.202309131626/tools/bin/../lib/gcc/arm-none-eabi/11.3.1/../../../../arm-none-eabi/lib/thumb/v7e-m+fp/hard\libc_nano.a(libc_a-findfp.o)
                0x000000000800a1f0                __sfp_lock_acquire
 .text.__sfp_lock_release
                0x000000000800a1fc        0xc C:/ST/STM32CubeIDE_1.13.1/STM32CubeIDE/plugins/com.st.stm32cube.ide.mcu.externaltools.gnu-tools-for-stm32.11.3.rel1.win32_1.1.1.202309131626/tools/bin/../lib/gcc/arm-none-eabi/11.3.1/../../../../arm-none-eabi/lib/thumb/v7e-m+fp/hard\libc_nano.a(libc_a-findfp.o)
                0x000000000800a1fc                __sfp_lock_release
 .text.__sinit  0x000000000800a208       0x30 C:/ST/STM32CubeIDE_1.13.1/STM32CubeIDE/plugins/com.st.stm32cube.ide.mcu.externaltools.gnu-tools-for-stm32.11.3.rel1.win32_1.1.1.202309131626/tools/bin/../lib/gcc/arm-none-eabi/11.3.1/../../../../arm-none-eabi/lib/thumb/v7e-m+fp/hard\libc_nano.a(libc_a-findfp.o)
                0x000000000800a208                __sinit
 .text._fwalk_sglue
                0x000000000800a238       0x3c C:/ST/STM32CubeIDE_1.13.1/STM32CubeIDE/plugins/com.st.stm32cube.ide.mcu.externaltools.gnu-tools-for-stm32.11.3.rel1.win32_1.1.1.202309131626/tools/bin/../lib/gcc/arm-none-eabi/11.3.1/../../../../arm-none-eabi/lib/thumb/v7e-m+fp/hard\libc_nano.a(libc_a-fwalk.o)
                0x000000000800a238                _fwalk_sglue
 .text.printf   0x000000000800a274       0x24 C:/ST/STM32CubeIDE_1.13.1/STM32CubeIDE/plugins/com.st.stm32cube.ide.mcu.externaltools.gnu-tools-for-stm32.11.3.rel1.win32_1.1.1.202309131626/tools/bin/../lib/gcc/arm-none-eabi/11.3.1/../../../../arm-none-eabi/lib/thumb/v7e-m+fp/hard\libc_nano.a(libc_a-printf.o)
                0x000000000800a274                iprintf
                0x000000000800a274                printf
 .text.putchar  0x000000000800a298       0x10 C:/ST/STM32CubeIDE_1.13.1/STM32CubeIDE/plugins/com.st.stm32cube.ide.mcu.externaltools.gnu-tools-for-stm32.11.3.rel1.win32_1.1.1.202309131626/tools/bin/../lib/gcc/arm-none-eabi/11.3.1/../../../../arm-none-eabi/lib/thumb/v7e-m+fp/hard\libc_nano.a(libc_a-putchar.o)
                0x000000000800a298                putchar
 .text._puts_r  0x000000000800a2a8       0xa8 C:/ST/STM32CubeIDE_1.13.1/STM32CubeIDE/plugins/com.st.stm32cube.ide.mcu.externaltools.gnu-tools-for-stm32.11.3.rel1.win32_1.1.1.202309131626/tools/bin/../lib/gcc/arm-none-eabi/11.3.1/../../../../arm-none-eabi/lib/thumb/v7e-m+fp/hard\libc_nano.a(libc_a-puts.o)
                0x000000000800a2a8                _puts_r
 .text.puts     0x000000000800a350       0x10 C:/ST/STM32CubeIDE_1.13.1/STM32CubeIDE/plugins/com.st.stm32cube.ide.mcu.externaltools.gnu-tools-for-stm32.11.3.rel1.win32_1.1.1.202309131626/tools/bin/../lib/gcc/arm-none-eabi/11.3.1/../../../../arm-none-eabi/lib/thumb/v7e-m+fp/hard\libc_nano.a(libc_a-puts.o)
                0x000000000800a350                puts
 .text.snprintf
                0x000000000800a360       0x68 C:/ST/STM32CubeIDE_1.13.1/STM32CubeIDE/plugins/com.st.stm32cube.ide.mcu.externaltools.gnu-tools-for-stm32.11.3.rel1.win32_1.1.1.202309131626/tools/bin/../lib/gcc/arm-none-eabi/11.3.1/../../../../arm-none-eabi/lib/thumb/v7e-m+fp/hard\libc_nano.a(libc_a-snprintf.o)
                0x000000000800a360                sniprintf
                0x000000000800a360                snprintf
 .text.sprintf  0x000000000800a3c8       0x40 C:/ST/STM32CubeIDE_1.13.1/STM32CubeIDE/plugins/com.st.stm32cube.ide.mcu.externaltools.gnu-tools-for-stm32.11.3.rel1.win32_1.1.1.202309131626/tools/bin/../lib/gcc/arm-none-eabi/11.3.1/../../../../arm-none-eabi/lib/thumb/v7e-m+fp/hard\libc_nano.a(libc_a-sprintf.o)
                0x000000000800a3c8                siprintf
                0x000000000800a3c8                sprintf
 .text.__sread  0x000000000800a408       0x22 C:/ST/STM32CubeIDE_1.13.1/STM32CubeIDE/plugins/com.st.stm32cube.ide.mcu.externaltools.gnu-tools-for-stm32.11.3.rel1.win32_1.1.1.202309131626/tools/bin/../lib/gcc/arm-none-eabi/11.3.1/../../../../arm-none-eabi/lib/thumb/v7e-m+fp/hard\libc_nano.a(libc_a-stdio.o)
                0x000000000800a408                __sread
 .text.__swrite
                0x000000000800a42a       0x38 C:/ST/STM32CubeIDE_1.13.1/STM32CubeIDE/plugins/com.st.stm32cube.ide.mcu.externaltools.gnu-tools-for-stm32.11.3.rel1.win32_1.1.1.202309131626/tools/bin/../lib/gcc/arm-none-eabi/11.3.1/../../../../arm-none-eabi/lib/thumb/v7e-m+fp/hard\libc_nano.a(libc_a-stdio.o)
                0x000000000800a42a                __swrite
 .text.__sseek  0x000000000800a462       0x24 C:/ST/STM32CubeIDE_1.13.1/STM32CubeIDE/plugins/com.st.stm32cube.ide.mcu.externaltools.gnu-tools-for-stm32.11.3.rel1.win32_1.1.1.202309131626/tools/bin/../lib/gcc/arm-none-eabi/11.3.1/../../../../arm-none-eabi/lib/thumb/v7e-m+fp/hard\libc_nano.a(libc_a-stdio.o)
                0x000000000800a462                __sseek
 .text.__sclose
                0x000000000800a486        0x8 C:/ST/STM32CubeIDE_1.13.1/STM32CubeIDE/plugins/com.st.stm32cube.ide.mcu.externaltools.gnu-tools-for-stm32.11.3.rel1.win32_1.1.1.202309131626/tools/bin/../lib/gcc/arm-none-eabi/11.3.1/../../../../arm-none-eabi/lib/thumb/v7e-m+fp/hard\libc_nano.a(libc_a-stdio.o)
                0x000000000800a486                __sclose
 .text.__swbuf_r
                0x000000000800a48e       0x7a C:/ST/STM32CubeIDE_1.13.1/STM32CubeIDE/plugins/com.st.stm32cube.ide.mcu.externaltools.gnu-tools-for-stm32.11.3.rel1.win32_1.1.1.202309131626/tools/bin/../lib/gcc/arm-none-eabi/11.3.1/../../../../arm-none-eabi/lib/thumb/v7e-m+fp/hard\libc_nano.a(libc_a-wbuf.o)
                0x000000000800a48e                __swbuf_r
 .text.__swsetup_r
                0x000000000800a508       0xb0 C:/ST/STM32CubeIDE_1.13.1/STM32CubeIDE/plugins/com.st.stm32cube.ide.mcu.externaltools.gnu-tools-for-stm32.11.3.rel1.win32_1.1.1.202309131626/tools/bin/../lib/gcc/arm-none-eabi/11.3.1/../../../../arm-none-eabi/lib/thumb/v7e-m+fp/hard\libc_nano.a(libc_a-wsetup.o)
                0x000000000800a508                __swsetup_r
 .text.memset   0x000000000800a5b8       0x10 C:/ST/STM32CubeIDE_1.13.1/STM32CubeIDE/plugins/com.st.stm32cube.ide.mcu.externaltools.gnu-tools-for-stm32.11.3.rel1.win32_1.1.1.202309131626/tools/bin/../lib/gcc/arm-none-eabi/11.3.1/../../../../arm-none-eabi/lib/thumb/v7e-m+fp/hard\libc_nano.a(libc_a-memset.o)
                0x000000000800a5b8                memset
 .text.strchr   0x000000000800a5c8       0x1a C:/ST/STM32CubeIDE_1.13.1/STM32CubeIDE/plugins/com.st.stm32cube.ide.mcu.externaltools.gnu-tools-for-stm32.11.3.rel1.win32_1.1.1.202309131626/tools/bin/../lib/gcc/arm-none-eabi/11.3.1/../../../../arm-none-eabi/lib/thumb/v7e-m+fp/hard\libc_nano.a(libc_a-strchr.o)
                0x000000000800a5c8                strchr
 .text.strstr   0x000000000800a5e2       0x2c C:/ST/STM32CubeIDE_1.13.1/STM32CubeIDE/plugins/com.st.stm32cube.ide.mcu.externaltools.gnu-tools-for-stm32.11.3.rel1.win32_1.1.1.202309131626/tools/bin/../lib/gcc/arm-none-eabi/11.3.1/../../../../arm-none-eabi/lib/thumb/v7e-m+fp/hard\libc_nano.a(libc_a-strstr.o)
                0x000000000800a5e2                strstr
 *fill*         0x000000000800a60e        0x2 
 .text._localeconv_r
                0x000000000800a610        0x8 C:/ST/STM32CubeIDE_1.13.1/STM32CubeIDE/plugins/com.st.stm32cube.ide.mcu.externaltools.gnu-tools-for-stm32.11.3.rel1.win32_1.1.1.202309131626/tools/bin/../lib/gcc/arm-none-eabi/11.3.1/../../../../arm-none-eabi/lib/thumb/v7e-m+fp/hard\libc_nano.a(libc_a-localeconv.o)
                0x000000000800a610                _localeconv_r
 .text._close_r
                0x000000000800a618       0x20 C:/ST/STM32CubeIDE_1.13.1/STM32CubeIDE/plugins/com.st.stm32cube.ide.mcu.externaltools.gnu-tools-for-stm32.11.3.rel1.win32_1.1.1.202309131626/tools/bin/../lib/gcc/arm-none-eabi/11.3.1/../../../../arm-none-eabi/lib/thumb/v7e-m+fp/hard\libc_nano.a(libc_a-closer.o)
                0x000000000800a618                _close_r
 .text._lseek_r
                0x000000000800a638       0x24 C:/ST/STM32CubeIDE_1.13.1/STM32CubeIDE/plugins/com.st.stm32cube.ide.mcu.externaltools.gnu-tools-for-stm32.11.3.rel1.win32_1.1.1.202309131626/tools/bin/../lib/gcc/arm-none-eabi/11.3.1/../../../../arm-none-eabi/lib/thumb/v7e-m+fp/hard\libc_nano.a(libc_a-lseekr.o)
                0x000000000800a638                _lseek_r
 .text._read_r  0x000000000800a65c       0x24 C:/ST/STM32CubeIDE_1.13.1/STM32CubeIDE/plugins/com.st.stm32cube.ide.mcu.externaltools.gnu-tools-for-stm32.11.3.rel1.win32_1.1.1.202309131626/tools/bin/../lib/gcc/arm-none-eabi/11.3.1/../../../../arm-none-eabi/lib/thumb/v7e-m+fp/hard\libc_nano.a(libc_a-readr.o)
                0x000000000800a65c                _read_r
 .text._write_r
                0x000000000800a680       0x24 C:/ST/STM32CubeIDE_1.13.1/STM32CubeIDE/plugins/com.st.stm32cube.ide.mcu.externaltools.gnu-tools-for-stm32.11.3.rel1.win32_1.1.1.202309131626/tools/bin/../lib/gcc/arm-none-eabi/11.3.1/../../../../arm-none-eabi/lib/thumb/v7e-m+fp/hard\libc_nano.a(libc_a-writer.o)
                0x000000000800a680                _write_r
 .text.__errno  0x000000000800a6a4        0xc C:/ST/STM32CubeIDE_1.13.1/STM32CubeIDE/plugins/com.st.stm32cube.ide.mcu.externaltools.gnu-tools-for-stm32.11.3.rel1.win32_1.1.1.202309131626/tools/bin/../lib/gcc/arm-none-eabi/11.3.1/../../../../arm-none-eabi/lib/thumb/v7e-m+fp/hard\libc_nano.a(libc_a-errno.o)
                0x000000000800a6a4                __errno
 .text.__libc_init_array
                0x000000000800a6b0       0x48 C:/ST/STM32CubeIDE_1.13.1/STM32CubeIDE/plugins/com.st.stm32cube.ide.mcu.externaltools.gnu-tools-for-stm32.11.3.rel1.win32_1.1.1.202309131626/tools/bin/../lib/gcc/arm-none-eabi/11.3.1/../../../../arm-none-eabi/lib/thumb/v7e-m+fp/hard\libc_nano.a(libc_a-init.o)
                0x000000000800a6b0                __libc_init_array
 .text.__retarget_lock_init_recursive
                0x000000000800a6f8        0x2 C:/ST/STM32CubeIDE_1.13.1/STM32CubeIDE/plugins/com.st.stm32cube.ide.mcu.externaltools.gnu-tools-for-stm32.11.3.rel1.win32_1.1.1.202309131626/tools/bin/../lib/gcc/arm-none-eabi/11.3.1/../../../../arm-none-eabi/lib/thumb/v7e-m+fp/hard\libc_nano.a(libc_a-lock.o)
                0x000000000800a6f8                __retarget_lock_init_recursive
 .text.__retarget_lock_acquire_recursive
                0x000000000800a6fa        0x2 C:/ST/STM32CubeIDE_1.13.1/STM32CubeIDE/plugins/com.st.stm32cube.ide.mcu.externaltools.gnu-tools-for-stm32.11.3.rel1.win32_1.1.1.202309131626/tools/bin/../lib/gcc/arm-none-eabi/11.3.1/../../../../arm-none-eabi/lib/thumb/v7e-m+fp/hard\libc_nano.a(libc_a-lock.o)
                0x000000000800a6fa                __retarget_lock_acquire_recursive
 .text.__retarget_lock_release_recursive
                0x000000000800a6fc        0x2 C:/ST/STM32CubeIDE_1.13.1/STM32CubeIDE/plugins/com.st.stm32cube.ide.mcu.externaltools.gnu-tools-for-stm32.11.3.rel1.win32_1.1.1.202309131626/tools/bin/../lib/gcc/arm-none-eabi/11.3.1/../../../../arm-none-eabi/lib/thumb/v7e-m+fp/hard\libc_nano.a(libc_a-lock.o)
                0x000000000800a6fc                __retarget_lock_release_recursive
 .text.memcpy   0x000000000800a6fe       0x1c C:/ST/STM32CubeIDE_1.13.1/STM32CubeIDE/plugins/com.st.stm32cube.ide.mcu.externaltools.gnu-tools-for-stm32.11.3.rel1.win32_1.1.1.202309131626/tools/bin/../lib/gcc/arm-none-eabi/11.3.1/../../../../arm-none-eabi/lib/thumb/v7e-m+fp/hard\libc_nano.a(libc_a-memcpy-stub.o)
                0x000000000800a6fe                memcpy
 .text.quorem   0x000000000800a71a      0x110 C:/ST/STM32CubeIDE_1.13.1/STM32CubeIDE/plugins/com.st.stm32cube.ide.mcu.externaltools.gnu-tools-for-stm32.11.3.rel1.win32_1.1.1.202309131626/tools/bin/../lib/gcc/arm-none-eabi/11.3.1/../../../../arm-none-eabi/lib/thumb/v7e-m+fp/hard\libc_nano.a(libc_a-dtoa.o)
 *fill*         0x000000000800a82a        0x6 
 .text._dtoa_r  0x000000000800a830      0xbe4 C:/ST/STM32CubeIDE_1.13.1/STM32CubeIDE/plugins/com.st.stm32cube.ide.mcu.externaltools.gnu-tools-for-stm32.11.3.rel1.win32_1.1.1.202309131626/tools/bin/../lib/gcc/arm-none-eabi/11.3.1/../../../../arm-none-eabi/lib/thumb/v7e-m+fp/hard\libc_nano.a(libc_a-dtoa.o)
                0x000000000800a830                _dtoa_r
 .text._free_r  0x000000000800b414       0x98 C:/ST/STM32CubeIDE_1.13.1/STM32CubeIDE/plugins/com.st.stm32cube.ide.mcu.externaltools.gnu-tools-for-stm32.11.3.rel1.win32_1.1.1.202309131626/tools/bin/../lib/gcc/arm-none-eabi/11.3.1/../../../../arm-none-eabi/lib/thumb/v7e-m+fp/hard\libc_nano.a(libc_a-freer.o)
                0x000000000800b414                _free_r
 .text.malloc   0x000000000800b4ac       0x10 C:/ST/STM32CubeIDE_1.13.1/STM32CubeIDE/plugins/com.st.stm32cube.ide.mcu.externaltools.gnu-tools-for-stm32.11.3.rel1.win32_1.1.1.202309131626/tools/bin/../lib/gcc/arm-none-eabi/11.3.1/../../../../arm-none-eabi/lib/thumb/v7e-m+fp/hard\libc_nano.a(libc_a-malloc.o)
                0x000000000800b4ac                malloc
 .text.sbrk_aligned
                0x000000000800b4bc       0x40 C:/ST/STM32CubeIDE_1.13.1/STM32CubeIDE/plugins/com.st.stm32cube.ide.mcu.externaltools.gnu-tools-for-stm32.11.3.rel1.win32_1.1.1.202309131626/tools/bin/../lib/gcc/arm-none-eabi/11.3.1/../../../../arm-none-eabi/lib/thumb/v7e-m+fp/hard\libc_nano.a(libc_a-mallocr.o)
 .text._malloc_r
                0x000000000800b4fc      0x100 C:/ST/STM32CubeIDE_1.13.1/STM32CubeIDE/plugins/com.st.stm32cube.ide.mcu.externaltools.gnu-tools-for-stm32.11.3.rel1.win32_1.1.1.202309131626/tools/bin/../lib/gcc/arm-none-eabi/11.3.1/../../../../arm-none-eabi/lib/thumb/v7e-m+fp/hard\libc_nano.a(libc_a-mallocr.o)
                0x000000000800b4fc                _malloc_r
 .text.__malloc_lock
                0x000000000800b5fc        0xc C:/ST/STM32CubeIDE_1.13.1/STM32CubeIDE/plugins/com.st.stm32cube.ide.mcu.externaltools.gnu-tools-for-stm32.11.3.rel1.win32_1.1.1.202309131626/tools/bin/../lib/gcc/arm-none-eabi/11.3.1/../../../../arm-none-eabi/lib/thumb/v7e-m+fp/hard\libc_nano.a(libc_a-mlock.o)
                0x000000000800b5fc                __malloc_lock
 .text.__malloc_unlock
                0x000000000800b608        0xc C:/ST/STM32CubeIDE_1.13.1/STM32CubeIDE/plugins/com.st.stm32cube.ide.mcu.externaltools.gnu-tools-for-stm32.11.3.rel1.win32_1.1.1.202309131626/tools/bin/../lib/gcc/arm-none-eabi/11.3.1/../../../../arm-none-eabi/lib/thumb/v7e-m+fp/hard\libc_nano.a(libc_a-mlock.o)
                0x000000000800b608                __malloc_unlock
 .text._Balloc  0x000000000800b614       0x80 C:/ST/STM32CubeIDE_1.13.1/STM32CubeIDE/plugins/com.st.stm32cube.ide.mcu.externaltools.gnu-tools-for-stm32.11.3.rel1.win32_1.1.1.202309131626/tools/bin/../lib/gcc/arm-none-eabi/11.3.1/../../../../arm-none-eabi/lib/thumb/v7e-m+fp/hard\libc_nano.a(libc_a-mprec.o)
                0x000000000800b614                _Balloc
 .text._Bfree   0x000000000800b694       0x44 C:/ST/STM32CubeIDE_1.13.1/STM32CubeIDE/plugins/com.st.stm32cube.ide.mcu.externaltools.gnu-tools-for-stm32.11.3.rel1.win32_1.1.1.202309131626/tools/bin/../lib/gcc/arm-none-eabi/11.3.1/../../../../arm-none-eabi/lib/thumb/v7e-m+fp/hard\libc_nano.a(libc_a-mprec.o)
                0x000000000800b694                _Bfree
 .text.__multadd
                0x000000000800b6d8       0x8c C:/ST/STM32CubeIDE_1.13.1/STM32CubeIDE/plugins/com.st.stm32cube.ide.mcu.externaltools.gnu-tools-for-stm32.11.3.rel1.win32_1.1.1.202309131626/tools/bin/../lib/gcc/arm-none-eabi/11.3.1/../../../../arm-none-eabi/lib/thumb/v7e-m+fp/hard\libc_nano.a(libc_a-mprec.o)
                0x000000000800b6d8                __multadd
 .text.__hi0bits
                0x000000000800b764       0x40 C:/ST/STM32CubeIDE_1.13.1/STM32CubeIDE/plugins/com.st.stm32cube.ide.mcu.externaltools.gnu-tools-for-stm32.11.3.rel1.win32_1.1.1.202309131626/tools/bin/../lib/gcc/arm-none-eabi/11.3.1/../../../../arm-none-eabi/lib/thumb/v7e-m+fp/hard\libc_nano.a(libc_a-mprec.o)
                0x000000000800b764                __hi0bits
 .text.__lo0bits
                0x000000000800b7a4       0x5a C:/ST/STM32CubeIDE_1.13.1/STM32CubeIDE/plugins/com.st.stm32cube.ide.mcu.externaltools.gnu-tools-for-stm32.11.3.rel1.win32_1.1.1.202309131626/tools/bin/../lib/gcc/arm-none-eabi/11.3.1/../../../../arm-none-eabi/lib/thumb/v7e-m+fp/hard\libc_nano.a(libc_a-mprec.o)
                0x000000000800b7a4                __lo0bits
 *fill*         0x000000000800b7fe        0x2 
 .text.__i2b    0x000000000800b800       0x2c C:/ST/STM32CubeIDE_1.13.1/STM32CubeIDE/plugins/com.st.stm32cube.ide.mcu.externaltools.gnu-tools-for-stm32.11.3.rel1.win32_1.1.1.202309131626/tools/bin/../lib/gcc/arm-none-eabi/11.3.1/../../../../arm-none-eabi/lib/thumb/v7e-m+fp/hard\libc_nano.a(libc_a-mprec.o)
                0x000000000800b800                __i2b
 .text.__multiply
                0x000000000800b82c      0x154 C:/ST/STM32CubeIDE_1.13.1/STM32CubeIDE/plugins/com.st.stm32cube.ide.mcu.externaltools.gnu-tools-for-stm32.11.3.rel1.win32_1.1.1.202309131626/tools/bin/../lib/gcc/arm-none-eabi/11.3.1/../../../../arm-none-eabi/lib/thumb/v7e-m+fp/hard\libc_nano.a(libc_a-mprec.o)
                0x000000000800b82c                __multiply
 .text.__pow5mult
                0x000000000800b980       0xb4 C:/ST/STM32CubeIDE_1.13.1/STM32CubeIDE/plugins/com.st.stm32cube.ide.mcu.externaltools.gnu-tools-for-stm32.11.3.rel1.win32_1.1.1.202309131626/tools/bin/../lib/gcc/arm-none-eabi/11.3.1/../../../../arm-none-eabi/lib/thumb/v7e-m+fp/hard\libc_nano.a(libc_a-mprec.o)
                0x000000000800b980                __pow5mult
 .text.__lshift
                0x000000000800ba34       0xd8 C:/ST/STM32CubeIDE_1.13.1/STM32CubeIDE/plugins/com.st.stm32cube.ide.mcu.externaltools.gnu-tools-for-stm32.11.3.rel1.win32_1.1.1.202309131626/tools/bin/../lib/gcc/arm-none-eabi/11.3.1/../../../../arm-none-eabi/lib/thumb/v7e-m+fp/hard\libc_nano.a(libc_a-mprec.o)
                0x000000000800ba34                __lshift
 .text.__mcmp   0x000000000800bb0c       0x38 C:/ST/STM32CubeIDE_1.13.1/STM32CubeIDE/plugins/com.st.stm32cube.ide.mcu.externaltools.gnu-tools-for-stm32.11.3.rel1.win32_1.1.1.202309131626/tools/bin/../lib/gcc/arm-none-eabi/11.3.1/../../../../arm-none-eabi/lib/thumb/v7e-m+fp/hard\libc_nano.a(libc_a-mprec.o)
                0x000000000800bb0c                __mcmp
 .text.__mdiff  0x000000000800bb44      0x114 C:/ST/STM32CubeIDE_1.13.1/STM32CubeIDE/plugins/com.st.stm32cube.ide.mcu.externaltools.gnu-tools-for-stm32.11.3.rel1.win32_1.1.1.202309131626/tools/bin/../lib/gcc/arm-none-eabi/11.3.1/../../../../arm-none-eabi/lib/thumb/v7e-m+fp/hard\libc_nano.a(libc_a-mprec.o)
                0x000000000800bb44                __mdiff
 .text.__d2b    0x000000000800bc58       0xb4 C:/ST/STM32CubeIDE_1.13.1/STM32CubeIDE/plugins/com.st.stm32cube.ide.mcu.externaltools.gnu-tools-for-stm32.11.3.rel1.win32_1.1.1.202309131626/tools/bin/../lib/gcc/arm-none-eabi/11.3.1/../../../../arm-none-eabi/lib/thumb/v7e-m+fp/hard\libc_nano.a(libc_a-mprec.o)
                0x000000000800bc58                __d2b
 .text.__ssputs_r
                0x000000000800bd0c       0xb4 C:/ST/STM32CubeIDE_1.13.1/STM32CubeIDE/plugins/com.st.stm32cube.ide.mcu.externaltools.gnu-tools-for-stm32.11.3.rel1.win32_1.1.1.202309131626/tools/bin/../lib/gcc/arm-none-eabi/11.3.1/../../../../arm-none-eabi/lib/thumb/v7e-m+fp/hard\libc_nano.a(libc_a-nano-svfprintf.o)
                0x000000000800bd0c                __ssputs_r
 .text._svfprintf_r
                0x000000000800bdc0      0x1fc C:/ST/STM32CubeIDE_1.13.1/STM32CubeIDE/plugins/com.st.stm32cube.ide.mcu.externaltools.gnu-tools-for-stm32.11.3.rel1.win32_1.1.1.202309131626/tools/bin/../lib/gcc/arm-none-eabi/11.3.1/../../../../arm-none-eabi/lib/thumb/v7e-m+fp/hard\libc_nano.a(libc_a-nano-svfprintf.o)
                0x000000000800bdc0                _svfiprintf_r
                0x000000000800bdc0                _svfprintf_r
 .text.__sfputc_r
                0x000000000800bfbc       0x2e C:/ST/STM32CubeIDE_1.13.1/STM32CubeIDE/plugins/com.st.stm32cube.ide.mcu.externaltools.gnu-tools-for-stm32.11.3.rel1.win32_1.1.1.202309131626/tools/bin/../lib/gcc/arm-none-eabi/11.3.1/../../../../arm-none-eabi/lib/thumb/v7e-m+fp/hard\libc_nano.a(libc_a-nano-vfprintf.o)
 .text.__sfputs_r
                0x000000000800bfea       0x24 C:/ST/STM32CubeIDE_1.13.1/STM32CubeIDE/plugins/com.st.stm32cube.ide.mcu.externaltools.gnu-tools-for-stm32.11.3.rel1.win32_1.1.1.202309131626/tools/bin/../lib/gcc/arm-none-eabi/11.3.1/../../../../arm-none-eabi/lib/thumb/v7e-m+fp/hard\libc_nano.a(libc_a-nano-vfprintf.o)
                0x000000000800bfea                __sfputs_r
 *fill*         0x000000000800c00e        0x2 
 .text._vfprintf_r
                0x000000000800c010      0x234 C:/ST/STM32CubeIDE_1.13.1/STM32CubeIDE/plugins/com.st.stm32cube.ide.mcu.externaltools.gnu-tools-for-stm32.11.3.rel1.win32_1.1.1.202309131626/tools/bin/../lib/gcc/arm-none-eabi/11.3.1/../../../../arm-none-eabi/lib/thumb/v7e-m+fp/hard\libc_nano.a(libc_a-nano-vfprintf.o)
                0x000000000800c010                _vfprintf_r
                0x000000000800c010                _vfiprintf_r
 .text.__sflush_r
                0x000000000800c244      0x10c C:/ST/STM32CubeIDE_1.13.1/STM32CubeIDE/plugins/com.st.stm32cube.ide.mcu.externaltools.gnu-tools-for-stm32.11.3.rel1.win32_1.1.1.202309131626/tools/bin/../lib/gcc/arm-none-eabi/11.3.1/../../../../arm-none-eabi/lib/thumb/v7e-m+fp/hard\libc_nano.a(libc_a-fflush.o)
                0x000000000800c244                __sflush_r
 .text._fflush_r
                0x000000000800c350       0x50 C:/ST/STM32CubeIDE_1.13.1/STM32CubeIDE/plugins/com.st.stm32cube.ide.mcu.externaltools.gnu-tools-for-stm32.11.3.rel1.win32_1.1.1.202309131626/tools/bin/../lib/gcc/arm-none-eabi/11.3.1/../../../../arm-none-eabi/lib/thumb/v7e-m+fp/hard\libc_nano.a(libc_a-fflush.o)
                0x000000000800c350                _fflush_r
 .text.__swhatbuf_r
                0x000000000800c3a0       0x4c C:/ST/STM32CubeIDE_1.13.1/STM32CubeIDE/plugins/com.st.stm32cube.ide.mcu.externaltools.gnu-tools-for-stm32.11.3.rel1.win32_1.1.1.202309131626/tools/bin/../lib/gcc/arm-none-eabi/11.3.1/../../../../arm-none-eabi/lib/thumb/v7e-m+fp/hard\libc_nano.a(libc_a-makebuf.o)
                0x000000000800c3a0                __swhatbuf_r
 .text.__smakebuf_r
                0x000000000800c3ec       0x78 C:/ST/STM32CubeIDE_1.13.1/STM32CubeIDE/plugins/com.st.stm32cube.ide.mcu.externaltools.gnu-tools-for-stm32.11.3.rel1.win32_1.1.1.202309131626/tools/bin/../lib/gcc/arm-none-eabi/11.3.1/../../../../arm-none-eabi/lib/thumb/v7e-m+fp/hard\libc_nano.a(libc_a-makebuf.o)
                0x000000000800c3ec                __smakebuf_r
 .text._putc_r  0x000000000800c464       0x68 C:/ST/STM32CubeIDE_1.13.1/STM32CubeIDE/plugins/com.st.stm32cube.ide.mcu.externaltools.gnu-tools-for-stm32.11.3.rel1.win32_1.1.1.202309131626/tools/bin/../lib/gcc/arm-none-eabi/11.3.1/../../../../arm-none-eabi/lib/thumb/v7e-m+fp/hard\libc_nano.a(libc_a-putc.o)
                0x000000000800c464                _putc_r
 .text.memmove  0x000000000800c4cc       0x34 C:/ST/STM32CubeIDE_1.13.1/STM32CubeIDE/plugins/com.st.stm32cube.ide.mcu.externaltools.gnu-tools-for-stm32.11.3.rel1.win32_1.1.1.202309131626/tools/bin/../lib/gcc/arm-none-eabi/11.3.1/../../../../arm-none-eabi/lib/thumb/v7e-m+fp/hard\libc_nano.a(libc_a-memmove.o)
                0x000000000800c4cc                memmove
 .text._fstat_r
                0x000000000800c500       0x24 C:/ST/STM32CubeIDE_1.13.1/STM32CubeIDE/plugins/com.st.stm32cube.ide.mcu.externaltools.gnu-tools-for-stm32.11.3.rel1.win32_1.1.1.202309131626/tools/bin/../lib/gcc/arm-none-eabi/11.3.1/../../../../arm-none-eabi/lib/thumb/v7e-m+fp/hard\libc_nano.a(libc_a-fstatr.o)
                0x000000000800c500                _fstat_r
 .text._isatty_r
                0x000000000800c524       0x20 C:/ST/STM32CubeIDE_1.13.1/STM32CubeIDE/plugins/com.st.stm32cube.ide.mcu.externaltools.gnu-tools-for-stm32.11.3.rel1.win32_1.1.1.202309131626/tools/bin/../lib/gcc/arm-none-eabi/11.3.1/../../../../arm-none-eabi/lib/thumb/v7e-m+fp/hard\libc_nano.a(libc_a-isattyr.o)
                0x000000000800c524                _isatty_r
 .text._sbrk_r  0x000000000800c544       0x20 C:/ST/STM32CubeIDE_1.13.1/STM32CubeIDE/plugins/com.st.stm32cube.ide.mcu.externaltools.gnu-tools-for-stm32.11.3.rel1.win32_1.1.1.202309131626/tools/bin/../lib/gcc/arm-none-eabi/11.3.1/../../../../arm-none-eabi/lib/thumb/v7e-m+fp/hard\libc_nano.a(libc_a-sbrkr.o)
                0x000000000800c544                _sbrk_r
 .text.__assert_func
                0x000000000800c564       0x3c C:/ST/STM32CubeIDE_1.13.1/STM32CubeIDE/plugins/com.st.stm32cube.ide.mcu.externaltools.gnu-tools-for-stm32.11.3.rel1.win32_1.1.1.202309131626/tools/bin/../lib/gcc/arm-none-eabi/11.3.1/../../../../arm-none-eabi/lib/thumb/v7e-m+fp/hard\libc_nano.a(libc_a-assert.o)
                0x000000000800c564                __assert_func
 .text._calloc_r
                0x000000000800c5a0       0x2c C:/ST/STM32CubeIDE_1.13.1/STM32CubeIDE/plugins/com.st.stm32cube.ide.mcu.externaltools.gnu-tools-for-stm32.11.3.rel1.win32_1.1.1.202309131626/tools/bin/../lib/gcc/arm-none-eabi/11.3.1/../../../../arm-none-eabi/lib/thumb/v7e-m+fp/hard\libc_nano.a(libc_a-callocr.o)
                0x000000000800c5a0                _calloc_r
 .text.__ascii_mbtowc
                0x000000000800c5cc       0x24 C:/ST/STM32CubeIDE_1.13.1/STM32CubeIDE/plugins/com.st.stm32cube.ide.mcu.externaltools.gnu-tools-for-stm32.11.3.rel1.win32_1.1.1.202309131626/tools/bin/../lib/gcc/arm-none-eabi/11.3.1/../../../../arm-none-eabi/lib/thumb/v7e-m+fp/hard\libc_nano.a(libc_a-mbtowc_r.o)
                0x000000000800c5cc                __ascii_mbtowc
 .text._realloc_r
                0x000000000800c5f0       0x5e C:/ST/STM32CubeIDE_1.13.1/STM32CubeIDE/plugins/com.st.stm32cube.ide.mcu.externaltools.gnu-tools-for-stm32.11.3.rel1.win32_1.1.1.202309131626/tools/bin/../lib/gcc/arm-none-eabi/11.3.1/../../../../arm-none-eabi/lib/thumb/v7e-m+fp/hard\libc_nano.a(libc_a-reallocr.o)
                0x000000000800c5f0                _realloc_r
 .text.__ascii_wctomb
                0x000000000800c64e       0x1a C:/ST/STM32CubeIDE_1.13.1/STM32CubeIDE/plugins/com.st.stm32cube.ide.mcu.externaltools.gnu-tools-for-stm32.11.3.rel1.win32_1.1.1.202309131626/tools/bin/../lib/gcc/arm-none-eabi/11.3.1/../../../../arm-none-eabi/lib/thumb/v7e-m+fp/hard\libc_nano.a(libc_a-wctomb_r.o)
                0x000000000800c64e                __ascii_wctomb
 .text.fprintf  0x000000000800c668       0x24 C:/ST/STM32CubeIDE_1.13.1/STM32CubeIDE/plugins/com.st.stm32cube.ide.mcu.externaltools.gnu-tools-for-stm32.11.3.rel1.win32_1.1.1.202309131626/tools/bin/../lib/gcc/arm-none-eabi/11.3.1/../../../../arm-none-eabi/lib/thumb/v7e-m+fp/hard\libc_nano.a(libc_a-fprintf.o)
                0x000000000800c668                fiprintf
                0x000000000800c668                fprintf
 .text.abort    0x000000000800c68c        0xe C:/ST/STM32CubeIDE_1.13.1/STM32CubeIDE/plugins/com.st.stm32cube.ide.mcu.externaltools.gnu-tools-for-stm32.11.3.rel1.win32_1.1.1.202309131626/tools/bin/../lib/gcc/arm-none-eabi/11.3.1/../../../../arm-none-eabi/lib/thumb/v7e-m+fp/hard\libc_nano.a(libc_a-abort.o)
                0x000000000800c68c                abort
 .text._malloc_usable_size_r
                0x000000000800c69a       0x10 C:/ST/STM32CubeIDE_1.13.1/STM32CubeIDE/plugins/com.st.stm32cube.ide.mcu.externaltools.gnu-tools-for-stm32.11.3.rel1.win32_1.1.1.202309131626/tools/bin/../lib/gcc/arm-none-eabi/11.3.1/../../../../arm-none-eabi/lib/thumb/v7e-m+fp/hard\libc_nano.a(libc_a-msizer.o)
                0x000000000800c69a                _malloc_usable_size_r
 .text._raise_r
                0x000000000800c6aa       0x50 C:/ST/STM32CubeIDE_1.13.1/STM32CubeIDE/plugins/com.st.stm32cube.ide.mcu.externaltools.gnu-tools-for-stm32.11.3.rel1.win32_1.1.1.202309131626/tools/bin/../lib/gcc/arm-none-eabi/11.3.1/../../../../arm-none-eabi/lib/thumb/v7e-m+fp/hard\libc_nano.a(libc_a-signal.o)
                0x000000000800c6aa                _raise_r
 *fill*         0x000000000800c6fa        0x2 
 .text.raise    0x000000000800c6fc       0x10 C:/ST/STM32CubeIDE_1.13.1/STM32CubeIDE/plugins/com.st.stm32cube.ide.mcu.externaltools.gnu-tools-for-stm32.11.3.rel1.win32_1.1.1.202309131626/tools/bin/../lib/gcc/arm-none-eabi/11.3.1/../../../../arm-none-eabi/lib/thumb/v7e-m+fp/hard\libc_nano.a(libc_a-signal.o)
                0x000000000800c6fc                raise
 .text._kill_r  0x000000000800c70c       0x24 C:/ST/STM32CubeIDE_1.13.1/STM32CubeIDE/plugins/com.st.stm32cube.ide.mcu.externaltools.gnu-tools-for-stm32.11.3.rel1.win32_1.1.1.202309131626/tools/bin/../lib/gcc/arm-none-eabi/11.3.1/../../../../arm-none-eabi/lib/thumb/v7e-m+fp/hard\libc_nano.a(libc_a-signalr.o)
                0x000000000800c70c                _kill_r
 .text._getpid_r
                0x000000000800c730        0x4 C:/ST/STM32CubeIDE_1.13.1/STM32CubeIDE/plugins/com.st.stm32cube.ide.mcu.externaltools.gnu-tools-for-stm32.11.3.rel1.win32_1.1.1.202309131626/tools/bin/../lib/gcc/arm-none-eabi/11.3.1/../../../../arm-none-eabi/lib/thumb/v7e-m+fp/hard\libc_nano.a(libc_a-signalr.o)
                0x000000000800c730                _getpid_r
 .text.pow      0x000000000800c734       0xe0 C:/ST/STM32CubeIDE_1.13.1/STM32CubeIDE/plugins/com.st.stm32cube.ide.mcu.externaltools.gnu-tools-for-stm32.11.3.rel1.win32_1.1.1.202309131626/tools/bin/../lib/gcc/arm-none-eabi/11.3.1/../../../../arm-none-eabi/lib/thumb/v7e-m+fp/hard\libm.a(libm_a-w_pow.o)
                0x000000000800c734                pow
 .text.finite   0x000000000800c814       0x16 C:/ST/STM32CubeIDE_1.13.1/STM32CubeIDE/plugins/com.st.stm32cube.ide.mcu.externaltools.gnu-tools-for-stm32.11.3.rel1.win32_1.1.1.202309131626/tools/bin/../lib/gcc/arm-none-eabi/11.3.1/../../../../arm-none-eabi/lib/thumb/v7e-m+fp/hard\libm.a(libm_a-s_finite.o)
                0x000000000800c814                finite
 *fill*         0x000000000800c82a        0x6 
 .text.__ieee754_pow
                0x000000000800c830      0xa54 C:/ST/STM32CubeIDE_1.13.1/STM32CubeIDE/plugins/com.st.stm32cube.ide.mcu.externaltools.gnu-tools-for-stm32.11.3.rel1.win32_1.1.1.202309131626/tools/bin/../lib/gcc/arm-none-eabi/11.3.1/../../../../arm-none-eabi/lib/thumb/v7e-m+fp/hard\libm.a(libm_a-e_pow.o)
                0x000000000800c830                __ieee754_pow
 .text.fabs     0x000000000800d284       0x12 C:/ST/STM32CubeIDE_1.13.1/STM32CubeIDE/plugins/com.st.stm32cube.ide.mcu.externaltools.gnu-tools-for-stm32.11.3.rel1.win32_1.1.1.202309131626/tools/bin/../lib/gcc/arm-none-eabi/11.3.1/../../../../arm-none-eabi/lib/thumb/v7e-m+fp/hard\libm.a(libm_a-s_fabs.o)
                0x000000000800d284                fabs
 *fill*         0x000000000800d296        0x2 
 .text.scalbn   0x000000000800d298       0xfc C:/ST/STM32CubeIDE_1.13.1/STM32CubeIDE/plugins/com.st.stm32cube.ide.mcu.externaltools.gnu-tools-for-stm32.11.3.rel1.win32_1.1.1.202309131626/tools/bin/../lib/gcc/arm-none-eabi/11.3.1/../../../../arm-none-eabi/lib/thumb/v7e-m+fp/hard\libm.a(libm_a-s_scalbn.o)
                0x000000000800d298                scalbn
 .text.with_errno
                0x000000000800d394       0x14 C:/ST/STM32CubeIDE_1.13.1/STM32CubeIDE/plugins/com.st.stm32cube.ide.mcu.externaltools.gnu-tools-for-stm32.11.3.rel1.win32_1.1.1.202309131626/tools/bin/../lib/gcc/arm-none-eabi/11.3.1/../../../../arm-none-eabi/lib/thumb/v7e-m+fp/hard\libm.a(libm_a-math_err.o)
 .text.xflow    0x000000000800d3a8       0x28 C:/ST/STM32CubeIDE_1.13.1/STM32CubeIDE/plugins/com.st.stm32cube.ide.mcu.externaltools.gnu-tools-for-stm32.11.3.rel1.win32_1.1.1.202309131626/tools/bin/../lib/gcc/arm-none-eabi/11.3.1/../../../../arm-none-eabi/lib/thumb/v7e-m+fp/hard\libm.a(libm_a-math_err.o)
 .text.__math_uflow
                0x000000000800d3d0       0x12 C:/ST/STM32CubeIDE_1.13.1/STM32CubeIDE/plugins/com.st.stm32cube.ide.mcu.externaltools.gnu-tools-for-stm32.11.3.rel1.win32_1.1.1.202309131626/tools/bin/../lib/gcc/arm-none-eabi/11.3.1/../../../../arm-none-eabi/lib/thumb/v7e-m+fp/hard\libm.a(libm_a-math_err.o)
                0x000000000800d3d0                __math_uflow
 .text.__math_oflow
                0x000000000800d3e2       0x12 C:/ST/STM32CubeIDE_1.13.1/STM32CubeIDE/plugins/com.st.stm32cube.ide.mcu.externaltools.gnu-tools-for-stm32.11.3.rel1.win32_1.1.1.202309131626/tools/bin/../lib/gcc/arm-none-eabi/11.3.1/../../../../arm-none-eabi/lib/thumb/v7e-m+fp/hard\libm.a(libm_a-math_err.o)
                0x000000000800d3e2                __math_oflow
 .text.__ieee754_sqrt
                0x000000000800d3f4      0x1b4 C:/ST/STM32CubeIDE_1.13.1/STM32CubeIDE/plugins/com.st.stm32cube.ide.mcu.externaltools.gnu-tools-for-stm32.11.3.rel1.win32_1.1.1.202309131626/tools/bin/../lib/gcc/arm-none-eabi/11.3.1/../../../../arm-none-eabi/lib/thumb/v7e-m+fp/hard\libm.a(libm_a-e_sqrt.o)
                0x000000000800d3f4                __ieee754_sqrt
 *(.glue_7)
 .glue_7        0x000000000800d5a8        0x0 linker stubs
 *(.glue_7t)
 .glue_7t       0x000000000800d5a8        0x0 linker stubs
 *(.eh_frame)
 .eh_frame      0x000000000800d5a8        0x0 C:/ST/STM32CubeIDE_1.13.1/STM32CubeIDE/plugins/com.st.stm32cube.ide.mcu.externaltools.gnu-tools-for-stm32.11.3.rel1.win32_1.1.1.202309131626/tools/bin/../lib/gcc/arm-none-eabi/11.3.1/thumb/v7e-m+fp/hard/crtbegin.o
 *(.init)
 .init          0x000000000800d5a8        0x4 C:/ST/STM32CubeIDE_1.13.1/STM32CubeIDE/plugins/com.st.stm32cube.ide.mcu.externaltools.gnu-tools-for-stm32.11.3.rel1.win32_1.1.1.202309131626/tools/bin/../lib/gcc/arm-none-eabi/11.3.1/thumb/v7e-m+fp/hard/crti.o
                0x000000000800d5a8                _init
 .init          0x000000000800d5ac        0x8 C:/ST/STM32CubeIDE_1.13.1/STM32CubeIDE/plugins/com.st.stm32cube.ide.mcu.externaltools.gnu-tools-for-stm32.11.3.rel1.win32_1.1.1.202309131626/tools/bin/../lib/gcc/arm-none-eabi/11.3.1/thumb/v7e-m+fp/hard/crtn.o
 *(.fini)
 .fini          0x000000000800d5b4        0x4 C:/ST/STM32CubeIDE_1.13.1/STM32CubeIDE/plugins/com.st.stm32cube.ide.mcu.externaltools.gnu-tools-for-stm32.11.3.rel1.win32_1.1.1.202309131626/tools/bin/../lib/gcc/arm-none-eabi/11.3.1/thumb/v7e-m+fp/hard/crti.o
                0x000000000800d5b4                _fini
 .fini          0x000000000800d5b8        0x8 C:/ST/STM32CubeIDE_1.13.1/STM32CubeIDE/plugins/com.st.stm32cube.ide.mcu.externaltools.gnu-tools-for-stm32.11.3.rel1.win32_1.1.1.202309131626/tools/bin/../lib/gcc/arm-none-eabi/11.3.1/thumb/v7e-m+fp/hard/crtn.o
                0x000000000800d5c0                . = ALIGN (0x4)
                0x000000000800d5c0                _etext = .

.vfp11_veneer   0x000000000800d5c0        0x0
 .vfp11_veneer  0x000000000800d5c0        0x0 linker stubs

.v4_bx          0x000000000800d5c0        0x0
 .v4_bx         0x000000000800d5c0        0x0 linker stubs

.iplt           0x000000000800d5c0        0x0
 .iplt          0x000000000800d5c0        0x0 C:/ST/STM32CubeIDE_1.13.1/STM32CubeIDE/plugins/com.st.stm32cube.ide.mcu.externaltools.gnu-tools-for-stm32.11.3.rel1.win32_1.1.1.202309131626/tools/bin/../lib/gcc/arm-none-eabi/11.3.1/thumb/v7e-m+fp/hard/crtbegin.o

.rodata         0x000000000800d5c0      0xcd0
                0x000000000800d5c0                . = ALIGN (0x4)
 *(.rodata)
 .rodata        0x000000000800d5c0       0x48 ./APPLICATION/DUCATI/ducati.o
 .rodata        0x000000000800d608      0x4e2 ./APPLICATION/sim7600/sim7600.o
 *fill*         0x000000000800daea        0x2 
 .rodata        0x000000000800daec      0x1b1 ./Core/Src/main.o
 *fill*         0x000000000800dc9d        0x3 
 .rodata        0x000000000800dca0       0x78 ./midlib/http.o
 .rodata        0x000000000800dd18      0x1a6 ./midlib/sim.o
 *(.rodata*)
 *fill*         0x000000000800debe        0x2 
 .rodata.__FUNCTION__.1
                0x000000000800dec0        0x9 ./Core/Src/main.o
 *fill*         0x000000000800dec9        0x3 
 .rodata.AHBPrescTable
                0x000000000800decc       0x10 ./Core/Src/system_stm32f4xx.o
                0x000000000800decc                AHBPrescTable
 .rodata.APBPrescTable
                0x000000000800dedc        0x8 ./Core/Src/system_stm32f4xx.o
                0x000000000800dedc                APBPrescTable
 .rodata.flagBitshiftOffset.0
                0x000000000800dee4        0x8 ./Drivers/STM32F4xx_HAL_Driver/Src/stm32f4xx_hal_dma.o
 .rodata._ctype_
                0x000000000800deec      0x101 C:/ST/STM32CubeIDE_1.13.1/STM32CubeIDE/plugins/com.st.stm32cube.ide.mcu.externaltools.gnu-tools-for-stm32.11.3.rel1.win32_1.1.1.202309131626/tools/bin/../lib/gcc/arm-none-eabi/11.3.1/../../../../arm-none-eabi/lib/thumb/v7e-m+fp/hard\libc_nano.a(libc_a-ctype_.o)
                0x000000000800deec                _ctype_
 .rodata._printf_float.str1.1
                0x000000000800dfed       0x12 C:/ST/STM32CubeIDE_1.13.1/STM32CubeIDE/plugins/com.st.stm32cube.ide.mcu.externaltools.gnu-tools-for-stm32.11.3.rel1.win32_1.1.1.202309131626/tools/bin/../lib/gcc/arm-none-eabi/11.3.1/../../../../arm-none-eabi/lib/thumb/v7e-m+fp/hard\libc_nano.a(libc_a-nano-vfprintf_float.o)
 .rodata._printf_i.str1.1
                0x000000000800dfff       0x22 C:/ST/STM32CubeIDE_1.13.1/STM32CubeIDE/plugins/com.st.stm32cube.ide.mcu.externaltools.gnu-tools-for-stm32.11.3.rel1.win32_1.1.1.202309131626/tools/bin/../lib/gcc/arm-none-eabi/11.3.1/../../../../arm-none-eabi/lib/thumb/v7e-m+fp/hard\libc_nano.a(libc_a-nano-vfprintf_i.o)
 .rodata._dtoa_r.str1.1
                0x000000000800e021       0x8d C:/ST/STM32CubeIDE_1.13.1/STM32CubeIDE/plugins/com.st.stm32cube.ide.mcu.externaltools.gnu-tools-for-stm32.11.3.rel1.win32_1.1.1.202309131626/tools/bin/../lib/gcc/arm-none-eabi/11.3.1/../../../../arm-none-eabi/lib/thumb/v7e-m+fp/hard\libc_nano.a(libc_a-dtoa.o)
                                         0x8f (size before relaxing)
 .rodata._Balloc.str1.1
                0x000000000800e0ae       0x59 C:/ST/STM32CubeIDE_1.13.1/STM32CubeIDE/plugins/com.st.stm32cube.ide.mcu.externaltools.gnu-tools-for-stm32.11.3.rel1.win32_1.1.1.202309131626/tools/bin/../lib/gcc/arm-none-eabi/11.3.1/../../../../arm-none-eabi/lib/thumb/v7e-m+fp/hard\libc_nano.a(libc_a-mprec.o)
                                         0x70 (size before relaxing)
 .rodata.__multadd.str1.1
                0x000000000800e107       0x11 C:/ST/STM32CubeIDE_1.13.1/STM32CubeIDE/plugins/com.st.stm32cube.ide.mcu.externaltools.gnu-tools-for-stm32.11.3.rel1.win32_1.1.1.202309131626/tools/bin/../lib/gcc/arm-none-eabi/11.3.1/../../../../arm-none-eabi/lib/thumb/v7e-m+fp/hard\libc_nano.a(libc_a-mprec.o)
 *fill*         0x000000000800e107        0x1 
 .rodata.__mprec_bigtens
                0x000000000800e108       0x28 C:/ST/STM32CubeIDE_1.13.1/STM32CubeIDE/plugins/com.st.stm32cube.ide.mcu.externaltools.gnu-tools-for-stm32.11.3.rel1.win32_1.1.1.202309131626/tools/bin/../lib/gcc/arm-none-eabi/11.3.1/../../../../arm-none-eabi/lib/thumb/v7e-m+fp/hard\libc_nano.a(libc_a-mprec.o)
                0x000000000800e108                __mprec_bigtens