../RFM/rfm.c:20:20:RFM95_setNSSPin	16	static
../RFM/rfm.c:34:20:RFM95_clearNSSPin	16	static
../RFM/rfm.c:51:26:RFM95_writeRegister	24	static
../RFM/rfm.c:91:26:RFM95_writeBurstRegister	32	static
../RFM/rfm.c:141:26:RFM95_readRegister	32	static
../RFM/rfm.c:226:19:RFM95_setHeaderMode	24	static
../RFM/rfm.c:268:19:RFM95_setSpreadingFactor	24	static
../RFM/rfm.c:378:19:RFM95_setCodingRate	24	static
../RFM/rfm.c:414:19:RFM95_setBandwidth	24	static
../RFM/rfm.c:451:19:RFM95_setCRCMode	24	static
../RFM/rfm.c:482:19:RFM95_lowDataRateOptimize	40	static
../RFM/rfm.c:540:19:RFM95_setLNA	24	static
../RFM/rfm.c:566:19:RFM95_FHSS	16	static
../RFM/rfm.c:602:7:RFM95_CalculateTimeOnAir	48	static
../RFM/rfm.c:644:19:RFM95_setMode	24	static
../RFM/rfm.c:675:19:RFM95_setFrequency	32	static
../RFM/rfm.c:698:19:RFM95_setPreamble	24	static
../RFM/rfm.c:718:19:RFM95_setOCP	24	static
../RFM/rfm.c:742:19:RFM95_transmit	40	static
../RFM/rfm.c:817:19:RFM95_startReceiveIT	24	static
../RFM/rfm.c:880:19:RFM95_receiveIT	32	static
../RFM/rfm.c:1023:19:RFM95_receiveContinuous	40	static
../RFM/rfm.c:1141:6:RFM95_reset	24	static
../RFM/rfm.c:1186:19:RFM95_resetFIFOBaseAddress	16	static
../RFM/rfm.c:1210:19:RFM95_setRFPowerAmplifier	24	static
../RFM/rfm.c:1252:9:RFM95_getRSSI	24	static
../RFM/rfm.c:1292:9:RFM95_getSNR	24	static
../RFM/rfm.c:1318:19:RFM95_mappingDIO0	24	static
../RFM/rfm.c:1337:19:RFM95_init	16	static
../RFM/rfm.c:1364:19:RFM95_powerOn	16	static
../RFM/rfm.c:1382:19:RFM95_shutdown	16	static
