../Core/Src/main.c:94:5:main	8	static
../Core/Src/main.c:142:6:SystemClock_Config	88	static
../Core/Src/main.c:181:13:MX_USART3_UART_Init	8	static
../Core/Src/main.c:212:13:MX_GPIO_Init	40	static
../Core/Src/main.c:238:6:response	16	static
../Core/Src/main.c:243:6:deleteRxData	8	static
../Core/Src/main.c:248:6:checkCommand	8	static
../Core/Src/main.c:262:6:setDeviceID	16	static
../Core/Src/main.c:281:6:getDeviceID	16	static
../Core/Src/main.c:301:6:setLedState	16	static
../Core/Src/main.c:333:6:getLedState	40	static
../Core/Src/main.c:360:6:commandHandler	8	static
../Core/Src/main.c:382:6:HAL_UARTEx_RxEventCallback	16	static
../Core/Src/main.c:397:6:Error_Handler	4	static,ignoring_inline_asm
