17:06:58 **** Incremental Build of configuration Debug for project TEST-SIM ****
make -j8 all 
arm-none-eabi-gcc "../sim7600/sim7600.c" -mcpu=cortex-m4 -std=gnu11 -g3 -DDEBUG -DUSE_HAL_DRIVER -DSTM32F407xx -c -I../Core/Inc -I../Drivers/STM32F4xx_HAL_Driver/Inc -I../Drivers/STM32F4xx_HAL_Driver/Inc/Legacy -I../Drivers/CMSIS/Device/ST/STM32F4xx/Include -I../Drivers/CMSIS/Include -I"C:/Users/skttr/OneDrive/Desktop/TU-BU-IOT/TEST-SIM/sim7600" -O0 -ffunction-sections -fdata-sections -Wall -fstack-usage -fcyclomatic-complexity -MMD -MP -MF"sim7600/sim7600.d" -MT"sim7600/sim7600.o" --specs=nano.specs -mfpu=fpv4-sp-d16 -mfloat-abi=hard -mthumb -o "sim7600/sim7600.o"
arm-none-eabi-gcc "../Core/Src/main.c" -mcpu=cortex-m4 -std=gnu11 -g3 -DDEBUG -DUSE_HAL_DRIVER -DSTM32F407xx -c -I../Core/Inc -I../Drivers/STM32F4xx_HAL_Driver/Inc -I../Drivers/STM32F4xx_HAL_Driver/Inc/Legacy -I../Drivers/CMSIS/Device/ST/STM32F4xx/Include -I../Drivers/CMSIS/Include -I"C:/Users/skttr/OneDrive/Desktop/TU-BU-IOT/TEST-SIM/sim7600" -O0 -ffunction-sections -fdata-sections -Wall -fstack-usage -fcyclomatic-complexity -MMD -MP -MF"Core/Src/main.d" -MT"Core/Src/main.o" --specs=nano.specs -mfpu=fpv4-sp-d16 -mfloat-abi=hard -mthumb -o "Core/Src/main.o"
../Core/Src/main.c: In function 'main':
../Core/Src/main.c:113:3: warning: implicit declaration of function 'SIM7600_init' [-Wimplicit-function-declaration]
  113 |   SIM7600_init(data);
      |   ^~~~~~~~~~~~
arm-none-eabi-gcc -o "TEST-SIM.elf" @"objects.list"   -mcpu=cortex-m4 -T"C:\Users\skttr\OneDrive\Desktop\TU-BU-IOT\TEST-SIM\STM32F407VGTX_FLASH.ld" --specs=nosys.specs -Wl,-Map="TEST-SIM.map" -Wl,--gc-sections -static --specs=nano.specs -mfpu=fpv4-sp-d16 -mfloat-abi=hard -mthumb -Wl,--start-group -lc -lm -Wl,--end-group
Finished building target: TEST-SIM.elf
 
arm-none-eabi-size   TEST-SIM.elf 
arm-none-eabi-objdump -h -S  TEST-SIM.elf  > "TEST-SIM.list"
   text	   data	    bss	    dec	    hex	filename
  15184	     20	   2284	  17488	   4450	TEST-SIM.elf
Finished building: default.size.stdout
 
Finished building: TEST-SIM.list
 
17:07:06 **** Incremental Build of configuration Debug for project TEST-SIM ****
make -j8 all 
arm-none-eabi-size   TEST-SIM.elf 
   text	   data	    bss	    dec	    hex	filename
  15184	     20	   2284	  17488	   4450	TEST-SIM.elf
Finished building: default.size.stdout
 
17:09:58 **** Incremental Build of configuration Debug for project TEST-SIM ****
make -j8 all 
arm-none-eabi-size   TEST-SIM.elf 
   text	   data	    bss	    dec	    hex	filename
  15184	     20	   2284	  17488	   4450	TEST-SIM.elf
Finished building: default.size.stdout
 
